
> frontend@0.1.0 build
> next build --turbopack

[baseline-browser-mapping] The data in this module is over two months old.  To ensure accurate Baseline data, please update: `npm i baseline-browser-mapping@latest -D`
   ▲ Next.js 16.0.7 (Turbopack)
   - Environments: .env

   Creating an optimized production build ...
[baseline-browser-mapping] The data in this module is over two months old.  To ensure accurate Baseline data, please update: `npm i baseline-browser-mapping@latest -D`
Turbopack build encountered 2 warnings:
./components/marketing/section-widgets/index.ts
unexpected export *
export * used with module [project]/components/marketing/section-widgets/index.ts [app-client] (ecmascript) which has no exports
Typescript only: Did you want to export only types with `export type * from "..."`?
Note: Using `export type` is more efficient than `export *` as it won't emit any runtime code.

Import traces:
  Client Component Browser:
    ./components/marketing/section-widgets/index.ts [Client Component Browser]
    ./components/marketing/index.ts [Client Component Browser]
    ./app/landing/page.tsx [Client Component Browser]
    ./app/landing/page.tsx [Server Component]

  Client Component SSR:
    ./components/marketing/section-widgets/index.ts [Client Component SSR]
    ./components/marketing/index.ts [Client Component SSR]
    ./app/landing/page.tsx [Client Component SSR]
    ./app/landing/page.tsx [Server Component]


./components/marketing/section-widgets/index.ts
unexpected export *
export * used with module [project]/components/marketing/section-widgets/index.ts [app-ssr] (ecmascript) which has no exports
Typescript only: Did you want to export only types with `export type * from "..."`?
Note: Using `export type` is more efficient than `export *` as it won't emit any runtime code.

Import traces:
  Client Component Browser:
    ./components/marketing/section-widgets/index.ts [Client Component Browser]
    ./components/marketing/index.ts [Client Component Browser]
    ./app/landing/page.tsx [Client Component Browser]
    ./app/landing/page.tsx [Server Component]

  Client Component SSR:
    ./components/marketing/section-widgets/index.ts [Client Component SSR]
    ./components/marketing/index.ts [Client Component SSR]
    ./app/landing/page.tsx [Client Component SSR]
    ./app/landing/page.tsx [Server Component]



> Build error occurred
Error: Turbopack build failed with 30 errors:
./lib/shared/queries/use-payment-method-data.ts:18:1
Export paymentMethodKeys doesn't exist in target module
[0m [90m 16 |[39m
 [90m 17 |[39m [36mimport[39m { useQuery[33m,[39m useQueryClient } [36mfrom[39m [32m'@tanstack/react-query'[39m[33m;[39m
[31m[1m>[22m[39m[90m 18 |[39m [36mimport[39m {
 [90m    |[39m [31m[1m^[22m[39m[31m[1m^[22m[39m[31m[1m^[22m[39m[31m[1m^[22m[39m[31m[1m^[22m[39m[31m[1m^[22m[39m[31m[1m^[22m[39m[31m[1m^[22m[39m
[31m[1m>[22m[39m[90m 19 |[39m   paymentMethodKeys[33m,[39m
 [90m    |[39m [31m[1m^[22m[39m[31m[1m^[22m[39m[31m[1m^[22m[39m[31m[1m^[22m[39m[31m[1m^[22m[39m[31m[1m^[22m[39m[31m[1m^[22m[39m[31m[1m^[22m[39m[31m[1m^[22m[39m[31m[1m^[22m[39m[31m[1m^[22m[39m[31m[1m^[22m[39m[31m[1m^[22m[39m[31m[1m^[22m[39m[31m[1m^[22m[39m[31m[1m^[22m[39m[31m[1m^[22m[39m[31m[1m^[22m[39m[31m[1m^[22m[39m[31m[1m^[22m[39m
[31m[1m>[22m[39m[90m 20 |[39m   paymentMethodQueries[33m,[39m
 [90m    |[39m [31m[1m^[22m[39m[31m[1m^[22m[39m[31m[1m^[22m[39m[31m[1m^[22m[39m[31m[1m^[22m[39m[31m[1m^[22m[39m[31m[1m^[22m[39m[31m[1m^[22m[39m[31m[1m^[22m[39m[31m[1m^[22m[39m[31m[1m^[22m[39m[31m[1m^[22m[39m[31m[1m^[22m[39m[31m[1m^[22m[39m[31m[1m^[22m[39m[31m[1m^[22m[39m[31m[1m^[22m[39m[31m[1m^[22m[39m[31m[1m^[22m[39m[31m[1m^[22m[39m
[31m[1m>[22m[39m[90m 21 |[39m   paymentMethodMutations[33m,[39m
 [90m    |[39m [31m[1m^[22m[39m[31m[1m^[22m[39m[31m[1m^[22m[39m[31m[1m^[22m[39m[31m[1m^[22m[39m[31m[1m^[22m[39m[31m[1m^[22m[39m[31m[1m^[22m[39m[31m[1m^[22m[39m[31m[1m^[22m[39m[31m[1m^[22m[39m[31m[1m^[22m[39m[31m[1m^[22m[39m[31m[1m^[22m[39m[31m[1m^[22m[39m[31m[1m^[22m[39m[31m[1m^[22m[39m[31m[1m^[22m[39m[31m[1m^[22m[39m[31m[1m^[22m[39m
[31m[1m>[22m[39m[90m 22 |[39m } [36mfrom[39m [32m'@/lib/shared/queries'[39m[33m;[39m
 [90m    |[39m [31m[1m^[22m[39m[31m[1m^[22m[39m[31m[1m^[22m[39m[31m[1m^[22m[39m[31m[1m^[22m[39m[31m[1m^[22m[39m[31m[1m^[22m[39m[31m[1m^[22m[39m[31m[1m^[22m[39m[31m[1m^[22m[39m[31m[1m^[22m[39m[31m[1m^[22m[39m[31m[1m^[22m[39m[31m[1m^[22m[39m[31m[1m^[22m[39m[31m[1m^[22m[39m[31m[1m^[22m[39m[31m[1m^[22m[39m[31m[1m^[22m[39m[31m[1m^[22m[39m[31m[1m^[22m[39m[31m[1m^[22m[39m[31m[1m^[22m[39m[31m[1m^[22m[39m[31m[1m^[22m[39m[31m[1m^[22m[39m[31m[1m^[22m[39m[31m[1m^[22m[39m[31m[1m^[22m[39m[31m[1m^[22m[39m[31m[1m^[22m[39m
 [90m 23 |[39m [36mimport[39m { useAuthReady } [36mfrom[39m [32m'@/lib/core/query'[39m[33m;[39m
 [90m 24 |[39m
 [90m 25 |[39m [90m// ============================================================================[39m[0m

The export paymentMethodKeys was not found in module [project]/lib/shared/queries/index.ts [app-client] (ecmascript).
Did you mean to import usePaymentMethods?
All exports of the module are statically known (It doesn't have dynamic exports). So it's known statically that the requested export doesn't exist.

Import traces:
  Client Component Browser:
    ./lib/shared/queries/use-payment-method-data.ts [Client Component Browser]
    ./lib/shared/queries/index.ts [Client Component Browser]
    ./lib/queries/index.ts [Client Component Browser]
    ./lib/shared/hooks/use-realtime-notifications.ts [Client Component Browser]
    ./lib/shared/hooks/index.ts [Client Component Browser]
    ./app/onboarding/page.tsx [Client Component Browser]
    ./app/onboarding/page.tsx [Server Component]

  Client Component SSR:
    ./lib/shared/queries/use-payment-method-data.ts [Client Component SSR]
    ./lib/shared/queries/index.ts [Client Component SSR]
    ./lib/queries/index.ts [Client Component SSR]
    ./lib/shared/hooks/use-realtime-notifications.ts [Client Component SSR]
    ./lib/shared/hooks/index.ts [Client Component SSR]
    ./components/modules/organization/components/create-organization-modal.tsx [Client Component SSR]
    ./components/providers/organization-modals-provider.tsx [Client Component SSR]
    ./components/providers/organization-modals-provider.tsx [Server Component]
    ./components/providers/providers.tsx [Server Component]
    ./app/layout.tsx [Server Component]


./lib/shared/queries/use-payment-method-data.ts:18:1
Export paymentMethodKeys doesn't exist in target module
[0m [90m 16 |[39m
 [90m 17 |[39m [36mimport[39m { useQuery[33m,[39m useQueryClient } [36mfrom[39m [32m'@tanstack/react-query'[39m[33m;[39m
[31m[1m>[22m[39m[90m 18 |[39m [36mimport[39m {
 [90m    |[39m [31m[1m^[22m[39m[31m[1m^[22m[39m[31m[1m^[22m[39m[31m[1m^[22m[39m[31m[1m^[22m[39m[31m[1m^[22m[39m[31m[1m^[22m[39m[31m[1m^[22m[39m
[31m[1m>[22m[39m[90m 19 |[39m   paymentMethodKeys[33m,[39m
 [90m    |[39m [31m[1m^[22m[39m[31m[1m^[22m[39m[31m[1m^[22m[39m[31m[1m^[22m[39m[31m[1m^[22m[39m[31m[1m^[22m[39m[31m[1m^[22m[39m[31m[1m^[22m[39m[31m[1m^[22m[39m[31m[1m^[22m[39m[31m[1m^[22m[39m[31m[1m^[22m[39m[31m[1m^[22m[39m[31m[1m^[22m[39m[31m[1m^[22m[39m[31m[1m^[22m[39m[31m[1m^[22m[39m[31m[1m^[22m[39m[31m[1m^[22m[39m[31m[1m^[22m[39m
[31m[1m>[22m[39m[90m 20 |[39m   paymentMethodQueries[33m,[39m
 [90m    |[39m [31m[1m^[22m[39m[31m[1m^[22m[39m[31m[1m^[22m[39m[31m[1m^[22m[39m[31m[1m^[22m[39m[31m[1m^[22m[39m[31m[1m^[22m[39m[31m[1m^[22m[39m[31m[1m^[22m[39m[31m[1m^[22m[39m[31m[1m^[22m[39m[31m[1m^[22m[39m[31m[1m^[22m[39m[31m[1m^[22m[39m[31m[1m^[22m[39m[31m[1m^[22m[39m[31m[1m^[22m[39m[31m[1m^[22m[39m[31m[1m^[22m[39m[31m[1m^[22m[39m
[31m[1m>[22m[39m[90m 21 |[39m   paymentMethodMutations[33m,[39m
 [90m    |[39m [31m[1m^[22m[39m[31m[1m^[22m[39m[31m[1m^[22m[39m[31m[1m^[22m[39m[31m[1m^[22m[39m[31m[1m^[22m[39m[31m[1m^[22m[39m[31m[1m^[22m[39m[31m[1m^[22m[39m[31m[1m^[22m[39m[31m[1m^[22m[39m[31m[1m^[22m[39m[31m[1m^[22m[39m[31m[1m^[22m[39m[31m[1m^[22m[39m[31m[1m^[22m[39m[31m[1m^[22m[39m[31m[1m^[22m[39m[31m[1m^[22m[39m[31m[1m^[22m[39m
[31m[1m>[22m[39m[90m 22 |[39m } [36mfrom[39m [32m'@/lib/shared/queries'[39m[33m;[39m
 [90m    |[39m [31m[1m^[22m[39m[31m[1m^[22m[39m[31m[1m^[22m[39m[31m[1m^[22m[39m[31m[1m^[22m[39m[31m[1m^[22m[39m[31m[1m^[22m[39m[31m[1m^[22m[39m[31m[1m^[22m[39m[31m[1m^[22m[39m[31m[1m^[22m[39m[31m[1m^[22m[39m[31m[1m^[22m[39m[31m[1m^[22m[39m[31m[1m^[22m[39m[31m[1m^[22m[39m[31m[1m^[22m[39m[31m[1m^[22m[39m[31m[1m^[22m[39m[31m[1m^[22m[39m[31m[1m^[22m[39m[31m[1m^[22m[39m[31m[1m^[22m[39m[31m[1m^[22m[39m[31m[1m^[22m[39m[31m[1m^[22m[39m[31m[1m^[22m[39m[31m[1m^[22m[39m[31m[1m^[22m[39m[31m[1m^[22m[39m[31m[1m^[22m[39m
 [90m 23 |[39m [36mimport[39m { useAuthReady } [36mfrom[39m [32m'@/lib/core/query'[39m[33m;[39m
 [90m 24 |[39m
 [90m 25 |[39m [90m// ============================================================================[39m[0m

The export paymentMethodKeys was not found in module [project]/lib/shared/queries/index.ts [app-ssr] (ecmascript).
Did you mean to import usePaymentMethods?
All exports of the module are statically known (It doesn't have dynamic exports). So it's known statically that the requested export doesn't exist.

Import traces:
  Client Component Browser:
    ./lib/shared/queries/use-payment-method-data.ts [Client Component Browser]
    ./lib/shared/queries/index.ts [Client Component Browser]
    ./lib/queries/index.ts [Client Component Browser]
    ./lib/shared/hooks/use-realtime-notifications.ts [Client Component Browser]
    ./lib/shared/hooks/index.ts [Client Component Browser]
    ./app/onboarding/page.tsx [Client Component Browser]
    ./app/onboarding/page.tsx [Server Component]

  Client Component SSR:
    ./lib/shared/queries/use-payment-method-data.ts [Client Component SSR]
    ./lib/shared/queries/index.ts [Client Component SSR]
    ./lib/queries/index.ts [Client Component SSR]
    ./lib/shared/hooks/use-realtime-notifications.ts [Client Component SSR]
    ./lib/shared/hooks/index.ts [Client Component SSR]
    ./components/modules/organization/components/create-organization-modal.tsx [Client Component SSR]
    ./components/providers/organization-modals-provider.tsx [Client Component SSR]
    ./components/providers/organization-modals-provider.tsx [Server Component]
    ./components/providers/providers.tsx [Server Component]
    ./app/layout.tsx [Server Component]


./lib/shared/queries/use-payment-method-data.ts:18:1
Export paymentMethodMutations doesn't exist in target module
[0m [90m 16 |[39m
 [90m 17 |[39m [36mimport[39m { useQuery[33m,[39m useQueryClient } [36mfrom[39m [32m'@tanstack/react-query'[39m[33m;[39m
[31m[1m>[22m[39m[90m 18 |[39m [36mimport[39m {
 [90m    |[39m [31m[1m^[22m[39m[31m[1m^[22m[39m[31m[1m^[22m[39m[31m[1m^[22m[39m[31m[1m^[22m[39m[31m[1m^[22m[39m[31m[1m^[22m[39m[31m[1m^[22m[39m
[31m[1m>[22m[39m[90m 19 |[39m   paymentMethodKeys[33m,[39m
 [90m    |[39m [31m[1m^[22m[39m[31m[1m^[22m[39m[31m[1m^[22m[39m[31m[1m^[22m[39m[31m[1m^[22m[39m[31m[1m^[22m[39m[31m[1m^[22m[39m[31m[1m^[22m[39m[31m[1m^[22m[39m[31m[1m^[22m[39m[31m[1m^[22m[39m[31m[1m^[22m[39m[31m[1m^[22m[39m[31m[1m^[22m[39m[31m[1m^[22m[39m[31m[1m^[22m[39m[31m[1m^[22m[39m[31m[1m^[22m[39m[31m[1m^[22m[39m[31m[1m^[22m[39m
[31m[1m>[22m[39m[90m 20 |[39m   paymentMethodQueries[33m,[39m
 [90m    |[39m [31m[1m^[22m[39m[31m[1m^[22m[39m[31m[1m^[22m[39m[31m[1m^[22m[39m[31m[1m^[22m[39m[31m[1m^[22m[39m[31m[1m^[22m[39m[31m[1m^[22m[39m[31m[1m^[22m[39m[31m[1m^[22m[39m[31m[1m^[22m[39m[31m[1m^[22m[39m[31m[1m^[22m[39m[31m[1m^[22m[39m[31m[1m^[22m[39m[31m[1m^[22m[39m[31m[1m^[22m[39m[31m[1m^[22m[39m[31m[1m^[22m[39m[31m[1m^[22m[39m
[31m[1m>[22m[39m[90m 21 |[39m   paymentMethodMutations[33m,[39m
 [90m    |[39m [31m[1m^[22m[39m[31m[1m^[22m[39m[31m[1m^[22m[39m[31m[1m^[22m[39m[31m[1m^[22m[39m[31m[1m^[22m[39m[31m[1m^[22m[39m[31m[1m^[22m[39m[31m[1m^[22m[39m[31m[1m^[22m[39m[31m[1m^[22m[39m[31m[1m^[22m[39m[31m[1m^[22m[39m[31m[1m^[22m[39m[31m[1m^[22m[39m[31m[1m^[22m[39m[31m[1m^[22m[39m[31m[1m^[22m[39m[31m[1m^[22m[39m[31m[1m^[22m[39m
[31m[1m>[22m[39m[90m 22 |[39m } [36mfrom[39m [32m'@/lib/shared/queries'[39m[33m;[39m
 [90m    |[39m [31m[1m^[22m[39m[31m[1m^[22m[39m[31m[1m^[22m[39m[31m[1m^[22m[39m[31m[1m^[22m[39m[31m[1m^[22m[39m[31m[1m^[22m[39m[31m[1m^[22m[39m[31m[1m^[22m[39m[31m[1m^[22m[39m[31m[1m^[22m[39m[31m[1m^[22m[39m[31m[1m^[22m[39m[31m[1m^[22m[39m[31m[1m^[22m[39m[31m[1m^[22m[39m[31m[1m^[22m[39m[31m[1m^[22m[39m[31m[1m^[22m[39m[31m[1m^[22m[39m[31m[1m^[22m[39m[31m[1m^[22m[39m[31m[1m^[22m[39m[31m[1m^[22m[39m[31m[1m^[22m[39m[31m[1m^[22m[39m[31m[1m^[22m[39m[31m[1m^[22m[39m[31m[1m^[22m[39m[31m[1m^[22m[39m[31m[1m^[22m[39m
 [90m 23 |[39m [36mimport[39m { useAuthReady } [36mfrom[39m [32m'@/lib/core/query'[39m[33m;[39m
 [90m 24 |[39m
 [90m 25 |[39m [90m// ============================================================================[39m[0m

The export paymentMethodMutations was not found in module [project]/lib/shared/queries/index.ts [app-client] (ecmascript).
Did you mean to import usePaymentMethods?
All exports of the module are statically known (It doesn't have dynamic exports). So it's known statically that the requested export doesn't exist.

Import traces:
  Client Component Browser:
    ./lib/shared/queries/use-payment-method-data.ts [Client Component Browser]
    ./lib/shared/queries/index.ts [Client Component Browser]
    ./lib/queries/index.ts [Client Component Browser]
    ./lib/shared/hooks/use-realtime-notifications.ts [Client Component Browser]
    ./lib/shared/hooks/index.ts [Client Component Browser]
    ./app/onboarding/page.tsx [Client Component Browser]
    ./app/onboarding/page.tsx [Server Component]

  Client Component SSR:
    ./lib/shared/queries/use-payment-method-data.ts [Client Component SSR]
    ./lib/shared/queries/index.ts [Client Component SSR]
    ./lib/queries/index.ts [Client Component SSR]
    ./lib/shared/hooks/use-realtime-notifications.ts [Client Component SSR]
    ./lib/shared/hooks/index.ts [Client Component SSR]
    ./components/modules/organization/components/create-organization-modal.tsx [Client Component SSR]
    ./components/providers/organization-modals-provider.tsx [Client Component SSR]
    ./components/providers/organization-modals-provider.tsx [Server Component]
    ./components/providers/providers.tsx [Server Component]
    ./app/layout.tsx [Server Component]


./lib/shared/queries/use-payment-method-data.ts:18:1
Export paymentMethodMutations doesn't exist in target module
[0m [90m 16 |[39m
 [90m 17 |[39m [36mimport[39m { useQuery[33m,[39m useQueryClient } [36mfrom[39m [32m'@tanstack/react-query'[39m[33m;[39m
[31m[1m>[22m[39m[90m 18 |[39m [36mimport[39m {
 [90m    |[39m [31m[1m^[22m[39m[31m[1m^[22m[39m[31m[1m^[22m[39m[31m[1m^[22m[39m[31m[1m^[22m[39m[31m[1m^[22m[39m[31m[1m^[22m[39m[31m[1m^[22m[39m
[31m[1m>[22m[39m[90m 19 |[39m   paymentMethodKeys[33m,[39m
 [90m    |[39m [31m[1m^[22m[39m[31m[1m^[22m[39m[31m[1m^[22m[39m[31m[1m^[22m[39m[31m[1m^[22m[39m[31m[1m^[22m[39m[31m[1m^[22m[39m[31m[1m^[22m[39m[31m[1m^[22m[39m[31m[1m^[22m[39m[31m[1m^[22m[39m[31m[1m^[22m[39m[31m[1m^[22m[39m[31m[1m^[22m[39m[31m[1m^[22m[39m[31m[1m^[22m[39m[31m[1m^[22m[39m[31m[1m^[22m[39m[31m[1m^[22m[39m[31m[1m^[22m[39m
[31m[1m>[22m[39m[90m 20 |[39m   paymentMethodQueries[33m,[39m
 [90m    |[39m [31m[1m^[22m[39m[31m[1m^[22m[39m[31m[1m^[22m[39m[31m[1m^[22m[39m[31m[1m^[22m[39m[31m[1m^[22m[39m[31m[1m^[22m[39m[31m[1m^[22m[39m[31m[1m^[22m[39m[31m[1m^[22m[39m[31m[1m^[22m[39m[31m[1m^[22m[39m[31m[1m^[22m[39m[31m[1m^[22m[39m[31m[1m^[22m[39m[31m[1m^[22m[39m[31m[1m^[22m[39m[31m[1m^[22m[39m[31m[1m^[22m[39m[31m[1m^[22m[39m
[31m[1m>[22m[39m[90m 21 |[39m   paymentMethodMutations[33m,[39m
 [90m    |[39m [31m[1m^[22m[39m[31m[1m^[22m[39m[31m[1m^[22m[39m[31m[1m^[22m[39m[31m[1m^[22m[39m[31m[1m^[22m[39m[31m[1m^[22m[39m[31m[1m^[22m[39m[31m[1m^[22m[39m[31m[1m^[22m[39m[31m[1m^[22m[39m[31m[1m^[22m[39m[31m[1m^[22m[39m[31m[1m^[22m[39m[31m[1m^[22m[39m[31m[1m^[22m[39m[31m[1m^[22m[39m[31m[1m^[22m[39m[31m[1m^[22m[39m[31m[1m^[22m[39m
[31m[1m>[22m[39m[90m 22 |[39m } [36mfrom[39m [32m'@/lib/shared/queries'[39m[33m;[39m
 [90m    |[39m [31m[1m^[22m[39m[31m[1m^[22m[39m[31m[1m^[22m[39m[31m[1m^[22m[39m[31m[1m^[22m[39m[31m[1m^[22m[39m[31m[1m^[22m[39m[31m[1m^[22m[39m[31m[1m^[22m[39m[31m[1m^[22m[39m[31m[1m^[22m[39m[31m[1m^[22m[39m[31m[1m^[22m[39m[31m[1m^[22m[39m[31m[1m^[22m[39m[31m[1m^[22m[39m[31m[1m^[22m[39m[31m[1m^[22m[39m[31m[1m^[22m[39m[31m[1m^[22m[39m[31m[1m^[22m[39m[31m[1m^[22m[39m[31m[1m^[22m[39m[31m[1m^[22m[39m[31m[1m^[22m[39m[31m[1m^[22m[39m[31m[1m^[22m[39m[31m[1m^[22m[39m[31m[1m^[22m[39m[31m[1m^[22m[39m[31m[1m^[22m[39m
 [90m 23 |[39m [36mimport[39m { useAuthReady } [36mfrom[39m [32m'@/lib/core/query'[39m[33m;[39m
 [90m 24 |[39m
 [90m 25 |[39m [90m// ============================================================================[39m[0m

The export paymentMethodMutations was not found in module [project]/lib/shared/queries/index.ts [app-ssr] (ecmascript).
Did you mean to import usePaymentMethods?
All exports of the module are statically known (It doesn't have dynamic exports). So it's known statically that the requested export doesn't exist.

Import traces:
  Client Component Browser:
    ./lib/shared/queries/use-payment-method-data.ts [Client Component Browser]
    ./lib/shared/queries/index.ts [Client Component Browser]
    ./lib/queries/index.ts [Client Component Browser]
    ./lib/shared/hooks/use-realtime-notifications.ts [Client Component Browser]
    ./lib/shared/hooks/index.ts [Client Component Browser]
    ./app/onboarding/page.tsx [Client Component Browser]
    ./app/onboarding/page.tsx [Server Component]

  Client Component SSR:
    ./lib/shared/queries/use-payment-method-data.ts [Client Component SSR]
    ./lib/shared/queries/index.ts [Client Component SSR]
    ./lib/queries/index.ts [Client Component SSR]
    ./lib/shared/hooks/use-realtime-notifications.ts [Client Component SSR]
    ./lib/shared/hooks/index.ts [Client Component SSR]
    ./components/modules/organization/components/create-organization-modal.tsx [Client Component SSR]
    ./components/providers/organization-modals-provider.tsx [Client Component SSR]
    ./components/providers/organization-modals-provider.tsx [Server Component]
    ./components/providers/providers.tsx [Server Component]
    ./app/layout.tsx [Server Component]


./lib/shared/queries/use-payment-method-data.ts:18:1
Export paymentMethodQueries doesn't exist in target module
[0m [90m 16 |[39m
 [90m 17 |[39m [36mimport[39m { useQuery[33m,[39m useQueryClient } [36mfrom[39m [32m'@tanstack/react-query'[39m[33m;[39m
[31m[1m>[22m[39m[90m 18 |[39m [36mimport[39m {
 [90m    |[39m [31m[1m^[22m[39m[31m[1m^[22m[39m[31m[1m^[22m[39m[31m[1m^[22m[39m[31m[1m^[22m[39m[31m[1m^[22m[39m[31m[1m^[22m[39m[31m[1m^[22m[39m
[31m[1m>[22m[39m[90m 19 |[39m   paymentMethodKeys[33m,[39m
 [90m    |[39m [31m[1m^[22m[39m[31m[1m^[22m[39m[31m[1m^[22m[39m[31m[1m^[22m[39m[31m[1m^[22m[39m[31m[1m^[22m[39m[31m[1m^[22m[39m[31m[1m^[22m[39m[31m[1m^[22m[39m[31m[1m^[22m[39m[31m[1m^[22m[39m[31m[1m^[22m[39m[31m[1m^[22m[39m[31m[1m^[22m[39m[31m[1m^[22m[39m[31m[1m^[22m[39m[31m[1m^[22m[39m[31m[1m^[22m[39m[31m[1m^[22m[39m[31m[1m^[22m[39m
[31m[1m>[22m[39m[90m 20 |[39m   paymentMethodQueries[33m,[39m
 [90m    |[39m [31m[1m^[22m[39m[31m[1m^[22m[39m[31m[1m^[22m[39m[31m[1m^[22m[39m[31m[1m^[22m[39m[31m[1m^[22m[39m[31m[1m^[22m[39m[31m[1m^[22m[39m[31m[1m^[22m[39m[31m[1m^[22m[39m[31m[1m^[22m[39m[31m[1m^[22m[39m[31m[1m^[22m[39m[31m[1m^[22m[39m[31m[1m^[22m[39m[31m[1m^[22m[39m[31m[1m^[22m[39m[31m[1m^[22m[39m[31m[1m^[22m[39m[31m[1m^[22m[39m
[31m[1m>[22m[39m[90m 21 |[39m   paymentMethodMutations[33m,[39m
 [90m    |[39m [31m[1m^[22m[39m[31m[1m^[22m[39m[31m[1m^[22m[39m[31m[1m^[22m[39m[31m[1m^[22m[39m[31m[1m^[22m[39m[31m[1m^[22m[39m[31m[1m^[22m[39m[31m[1m^[22m[39m[31m[1m^[22m[39m[31m[1m^[22m[39m[31m[1m^[22m[39m[31m[1m^[22m[39m[31m[1m^[22m[39m[31m[1m^[22m[39m[31m[1m^[22m[39m[31m[1m^[22m[39m[31m[1m^[22m[39m[31m[1m^[22m[39m[31m[1m^[22m[39m
[31m[1m>[22m[39m[90m 22 |[39m } [36mfrom[39m [32m'@/lib/shared/queries'[39m[33m;[39m
 [90m    |[39m [31m[1m^[22m[39m[31m[1m^[22m[39m[31m[1m^[22m[39m[31m[1m^[22m[39m[31m[1m^[22m[39m[31m[1m^[22m[39m[31m[1m^[22m[39m[31m[1m^[22m[39m[31m[1m^[22m[39m[31m[1m^[22m[39m[31m[1m^[22m[39m[31m[1m^[22m[39m[31m[1m^[22m[39m[31m[1m^[22m[39m[31m[1m^[22m[39m[31m[1m^[22m[39m[31m[1m^[22m[39m[31m[1m^[22m[39m[31m[1m^[22m[39m[31m[1m^[22m[39m[31m[1m^[22m[39m[31m[1m^[22m[39m[31m[1m^[22m[39m[31m[1m^[22m[39m[31m[1m^[22m[39m[31m[1m^[22m[39m[31m[1m^[22m[39m[31m[1m^[22m[39m[31m[1m^[22m[39m[31m[1m^[22m[39m[31m[1m^[22m[39m
 [90m 23 |[39m [36mimport[39m { useAuthReady } [36mfrom[39m [32m'@/lib/core/query'[39m[33m;[39m
 [90m 24 |[39m
 [90m 25 |[39m [90m// ============================================================================[39m[0m

The export paymentMethodQueries was not found in module [project]/lib/shared/queries/index.ts [app-client] (ecmascript).
Did you mean to import usePaymentMethods?
All exports of the module are statically known (It doesn't have dynamic exports). So it's known statically that the requested export doesn't exist.

Import traces:
  Client Component Browser:
    ./lib/shared/queries/use-payment-method-data.ts [Client Component Browser]
    ./lib/shared/queries/index.ts [Client Component Browser]
    ./lib/queries/index.ts [Client Component Browser]
    ./lib/shared/hooks/use-realtime-notifications.ts [Client Component Browser]
    ./lib/shared/hooks/index.ts [Client Component Browser]
    ./app/onboarding/page.tsx [Client Component Browser]
    ./app/onboarding/page.tsx [Server Component]

  Client Component SSR:
    ./lib/shared/queries/use-payment-method-data.ts [Client Component SSR]
    ./lib/shared/queries/index.ts [Client Component SSR]
    ./lib/queries/index.ts [Client Component SSR]
    ./lib/shared/hooks/use-realtime-notifications.ts [Client Component SSR]
    ./lib/shared/hooks/index.ts [Client Component SSR]
    ./components/modules/organization/components/create-organization-modal.tsx [Client Component SSR]
    ./components/providers/organization-modals-provider.tsx [Client Component SSR]
    ./components/providers/organization-modals-provider.tsx [Server Component]
    ./components/providers/providers.tsx [Server Component]
    ./app/layout.tsx [Server Component]


./lib/shared/queries/use-payment-method-data.ts:18:1
Export paymentMethodQueries doesn't exist in target module
[0m [90m 16 |[39m
 [90m 17 |[39m [36mimport[39m { useQuery[33m,[39m useQueryClient } [36mfrom[39m [32m'@tanstack/react-query'[39m[33m;[39m
[31m[1m>[22m[39m[90m 18 |[39m [36mimport[39m {
 [90m    |[39m [31m[1m^[22m[39m[31m[1m^[22m[39m[31m[1m^[22m[39m[31m[1m^[22m[39m[31m[1m^[22m[39m[31m[1m^[22m[39m[31m[1m^[22m[39m[31m[1m^[22m[39m
[31m[1m>[22m[39m[90m 19 |[39m   paymentMethodKeys[33m,[39m
 [90m    |[39m [31m[1m^[22m[39m[31m[1m^[22m[39m[31m[1m^[22m[39m[31m[1m^[22m[39m[31m[1m^[22m[39m[31m[1m^[22m[39m[31m[1m^[22m[39m[31m[1m^[22m[39m[31m[1m^[22m[39m[31m[1m^[22m[39m[31m[1m^[22m[39m[31m[1m^[22m[39m[31m[1m^[22m[39m[31m[1m^[22m[39m[31m[1m^[22m[39m[31m[1m^[22m[39m[31m[1m^[22m[39m[31m[1m^[22m[39m[31m[1m^[22m[39m[31m[1m^[22m[39m
[31m[1m>[22m[39m[90m 20 |[39m   paymentMethodQueries[33m,[39m
 [90m    |[39m [31m[1m^[22m[39m[31m[1m^[22m[39m[31m[1m^[22m[39m[31m[1m^[22m[39m[31m[1m^[22m[39m[31m[1m^[22m[39m[31m[1m^[22m[39m[31m[1m^[22m[39m[31m[1m^[22m[39m[31m[1m^[22m[39m[31m[1m^[22m[39m[31m[1m^[22m[39m[31m[1m^[22m[39m[31m[1m^[22m[39m[31m[1m^[22m[39m[31m[1m^[22m[39m[31m[1m^[22m[39m[31m[1m^[22m[39m[31m[1m^[22m[39m[31m[1m^[22m[39m
[31m[1m>[22m[39m[90m 21 |[39m   paymentMethodMutations[33m,[39m
 [90m    |[39m [31m[1m^[22m[39m[31m[1m^[22m[39m[31m[1m^[22m[39m[31m[1m^[22m[39m[31m[1m^[22m[39m[31m[1m^[22m[39m[31m[1m^[22m[39m[31m[1m^[22m[39m[31m[1m^[22m[39m[31m[1m^[22m[39m[31m[1m^[22m[39m[31m[1m^[22m[39m[31m[1m^[22m[39m[31m[1m^[22m[39m[31m[1m^[22m[39m[31m[1m^[22m[39m[31m[1m^[22m[39m[31m[1m^[22m[39m[31m[1m^[22m[39m[31m[1m^[22m[39m
[31m[1m>[22m[39m[90m 22 |[39m } [36mfrom[39m [32m'@/lib/shared/queries'[39m[33m;[39m
 [90m    |[39m [31m[1m^[22m[39m[31m[1m^[22m[39m[31m[1m^[22m[39m[31m[1m^[22m[39m[31m[1m^[22m[39m[31m[1m^[22m[39m[31m[1m^[22m[39m[31m[1m^[22m[39m[31m[1m^[22m[39m[31m[1m^[22m[39m[31m[1m^[22m[39m[31m[1m^[22m[39m[31m[1m^[22m[39m[31m[1m^[22m[39m[31m[1m^[22m[39m[31m[1m^[22m[39m[31m[1m^[22m[39m[31m[1m^[22m[39m[31m[1m^[22m[39m[31m[1m^[22m[39m[31m[1m^[22m[39m[31m[1m^[22m[39m[31m[1m^[22m[39m[31m[1m^[22m[39m[31m[1m^[22m[39m[31m[1m^[22m[39m[31m[1m^[22m[39m[31m[1m^[22m[39m[31m[1m^[22m[39m[31m[1m^[22m[39m[31m[1m^[22m[39m
 [90m 23 |[39m [36mimport[39m { useAuthReady } [36mfrom[39m [32m'@/lib/core/query'[39m[33m;[39m
 [90m 24 |[39m
 [90m 25 |[39m [90m// ============================================================================[39m[0m

The export paymentMethodQueries was not found in module [project]/lib/shared/queries/index.ts [app-ssr] (ecmascript).
Did you mean to import usePaymentMethods?
All exports of the module are statically known (It doesn't have dynamic exports). So it's known statically that the requested export doesn't exist.

Import traces:
  Client Component Browser:
    ./lib/shared/queries/use-payment-method-data.ts [Client Component Browser]
    ./lib/shared/queries/index.ts [Client Component Browser]
    ./lib/queries/index.ts [Client Component Browser]
    ./lib/shared/hooks/use-realtime-notifications.ts [Client Component Browser]
    ./lib/shared/hooks/index.ts [Client Component Browser]
    ./app/onboarding/page.tsx [Client Component Browser]
    ./app/onboarding/page.tsx [Server Component]

  Client Component SSR:
    ./lib/shared/queries/use-payment-method-data.ts [Client Component SSR]
    ./lib/shared/queries/index.ts [Client Component SSR]
    ./lib/queries/index.ts [Client Component SSR]
    ./lib/shared/hooks/use-realtime-notifications.ts [Client Component SSR]
    ./lib/shared/hooks/index.ts [Client Component SSR]
    ./components/modules/organization/components/create-organization-modal.tsx [Client Component SSR]
    ./components/providers/organization-modals-provider.tsx [Client Component SSR]
    ./components/providers/organization-modals-provider.tsx [Server Component]
    ./components/providers/providers.tsx [Server Component]
    ./app/layout.tsx [Server Component]


./components/providers/query-provider.tsx:6:1
Export queryClient doesn't exist in target module
[0m [90m 4 |[39m [36mimport[39m { [33mReactQueryDevtools[39m } [36mfrom[39m [32m'@tanstack/react-query-devtools'[39m[33m;[39m
 [90m 5 |[39m [36mimport[39m { [33mReactNode[39m } [36mfrom[39m [32m'react'[39m[33m;[39m
[31m[1m>[22m[39m[90m 6 |[39m [36mimport[39m { queryClient } [36mfrom[39m [32m'@/lib/core/query'[39m[33m;[39m
 [90m   |[39m [31m[1m^[22m[39m[31m[1m^[22m[39m[31m[1m^[22m[39m[31m[1m^[22m[39m[31m[1m^[22m[39m[31m[1m^[22m[39m[31m[1m^[22m[39m[31m[1m^[22m[39m[31m[1m^[22m[39m[31m[1m^[22m[39m[31m[1m^[22m[39m[31m[1m^[22m[39m[31m[1m^[22m[39m[31m[1m^[22m[39m[31m[1m^[22m[39m[31m[1m^[22m[39m[31m[1m^[22m[39m[31m[1m^[22m[39m[31m[1m^[22m[39m[31m[1m^[22m[39m[31m[1m^[22m[39m[31m[1m^[22m[39m[31m[1m^[22m[39m[31m[1m^[22m[39m[31m[1m^[22m[39m[31m[1m^[22m[39m[31m[1m^[22m[39m[31m[1m^[22m[39m[31m[1m^[22m[39m[31m[1m^[22m[39m[31m[1m^[22m[39m[31m[1m^[22m[39m[31m[1m^[22m[39m[31m[1m^[22m[39m[31m[1m^[22m[39m[31m[1m^[22m[39m[31m[1m^[22m[39m[31m[1m^[22m[39m[31m[1m^[22m[39m[31m[1m^[22m[39m[31m[1m^[22m[39m[31m[1m^[22m[39m[31m[1m^[22m[39m[31m[1m^[22m[39m[31m[1m^[22m[39m[31m[1m^[22m[39m[31m[1m^[22m[39m
 [90m 7 |[39m
 [90m 8 |[39m [36minterface[39m [33mQueryProviderProps[39m {
 [90m 9 |[39m   children[33m:[39m [33mReactNode[39m[33m;[39m[0m

The export queryClient was not found in module [project]/lib/core/query/index.ts [app-client] (ecmascript).
Did you mean to import useContextOrganizationId?
All exports of the module are statically known (It doesn't have dynamic exports). So it's known statically that the requested export doesn't exist.

Import trace:
  Server Component:
    ./components/providers/query-provider.tsx
    ./components/providers/providers.tsx
    ./app/layout.tsx


./components/providers/query-provider.tsx:6:1
Export queryClient doesn't exist in target module
[0m [90m 4 |[39m [36mimport[39m { [33mReactQueryDevtools[39m } [36mfrom[39m [32m'@tanstack/react-query-devtools'[39m[33m;[39m
 [90m 5 |[39m [36mimport[39m { [33mReactNode[39m } [36mfrom[39m [32m'react'[39m[33m;[39m
[31m[1m>[22m[39m[90m 6 |[39m [36mimport[39m { queryClient } [36mfrom[39m [32m'@/lib/core/query'[39m[33m;[39m
 [90m   |[39m [31m[1m^[22m[39m[31m[1m^[22m[39m[31m[1m^[22m[39m[31m[1m^[22m[39m[31m[1m^[22m[39m[31m[1m^[22m[39m[31m[1m^[22m[39m[31m[1m^[22m[39m[31m[1m^[22m[39m[31m[1m^[22m[39m[31m[1m^[22m[39m[31m[1m^[22m[39m[31m[1m^[22m[39m[31m[1m^[22m[39m[31m[1m^[22m[39m[31m[1m^[22m[39m[31m[1m^[22m[39m[31m[1m^[22m[39m[31m[1m^[22m[39m[31m[1m^[22m[39m[31m[1m^[22m[39m[31m[1m^[22m[39m[31m[1m^[22m[39m[31m[1m^[22m[39m[31m[1m^[22m[39m[31m[1m^[22m[39m[31m[1m^[22m[39m[31m[1m^[22m[39m[31m[1m^[22m[39m[31m[1m^[22m[39m[31m[1m^[22m[39m[31m[1m^[22m[39m[31m[1m^[22m[39m[31m[1m^[22m[39m[31m[1m^[22m[39m[31m[1m^[22m[39m[31m[1m^[22m[39m[31m[1m^[22m[39m[31m[1m^[22m[39m[31m[1m^[22m[39m[31m[1m^[22m[39m[31m[1m^[22m[39m[31m[1m^[22m[39m[31m[1m^[22m[39m[31m[1m^[22m[39m[31m[1m^[22m[39m[31m[1m^[22m[39m
 [90m 7 |[39m
 [90m 8 |[39m [36minterface[39m [33mQueryProviderProps[39m {
 [90m 9 |[39m   children[33m:[39m [33mReactNode[39m[33m;[39m[0m

The export queryClient was not found in module [project]/lib/core/query/index.ts [app-ssr] (ecmascript).
Did you mean to import useContextOrganizationId?
All exports of the module are statically known (It doesn't have dynamic exports). So it's known statically that the requested export doesn't exist.

Import trace:
  Server Component:
    ./components/providers/query-provider.tsx
    ./components/providers/providers.tsx
    ./app/layout.tsx


./components/modules/organization/components/invitations-panel.tsx:20:1
Export useAcceptInvitationByCode doesn't exist in target module
[0m [90m 18 |[39m   [33mLoader[39m[33m,[39m
 [90m 19 |[39m } [36mfrom[39m [32m'lucide-react'[39m[33m;[39m
[31m[1m>[22m[39m[90m 20 |[39m [36mimport[39m {
 [90m    |[39m [31m[1m^[22m[39m[31m[1m^[22m[39m[31m[1m^[22m[39m[31m[1m^[22m[39m[31m[1m^[22m[39m[31m[1m^[22m[39m[31m[1m^[22m[39m[31m[1m^[22m[39m
[31m[1m>[22m[39m[90m 21 |[39m   usePendingInvitations[33m,[39m
 [90m    |[39m [31m[1m^[22m[39m[31m[1m^[22m[39m[31m[1m^[22m[39m[31m[1m^[22m[39m[31m[1m^[22m[39m[31m[1m^[22m[39m[31m[1m^[22m[39m[31m[1m^[22m[39m[31m[1m^[22m[39m[31m[1m^[22m[39m[31m[1m^[22m[39m[31m[1m^[22m[39m[31m[1m^[22m[39m[31m[1m^[22m[39m[31m[1m^[22m[39m[31m[1m^[22m[39m[31m[1m^[22m[39m[31m[1m^[22m[39m[31m[1m^[22m[39m[31m[1m^[22m[39m[31m[1m^[22m[39m[31m[1m^[22m[39m[31m[1m^[22m[39m[31m[1m^[22m[39m
[31m[1m>[22m[39m[90m 22 |[39m   useAcceptInvitationByToken[33m,[39m
 [90m    |[39m [31m[1m^[22m[39m[31m[1m^[22m[39m[31m[1m^[22m[39m[31m[1m^[22m[39m[31m[1m^[22m[39m[31m[1m^[22m[39m[31m[1m^[22m[39m[31m[1m^[22m[39m[31m[1m^[22m[39m[31m[1m^[22m[39m[31m[1m^[22m[39m[31m[1m^[22m[39m[31m[1m^[22m[39m[31m[1m^[22m[39m[31m[1m^[22m[39m[31m[1m^[22m[39m[31m[1m^[22m[39m[31m[1m^[22m[39m[31m[1m^[22m[39m[31m[1m^[22m[39m[31m[1m^[22m[39m[31m[1m^[22m[39m[31m[1m^[22m[39m[31m[1m^[22m[39m
[31m[1m>[22m[39m[90m 23 |[39m   useAcceptInvitationByCode[33m,[39m
 [90m    |[39m [31m[1m^[22m[39m[31m[1m^[22m[39m[31m[1m^[22m[39m[31m[1m^[22m[39m[31m[1m^[22m[39m[31m[1m^[22m[39m[31m[1m^[22m[39m[31m[1m^[22m[39m[31m[1m^[22m[39m[31m[1m^[22m[39m[31m[1m^[22m[39m[31m[1m^[22m[39m[31m[1m^[22m[39m[31m[1m^[22m[39m[31m[1m^[22m[39m[31m[1m^[22m[39m[31m[1m^[22m[39m[31m[1m^[22m[39m[31m[1m^[22m[39m[31m[1m^[22m[39m[31m[1m^[22m[39m[31m[1m^[22m[39m[31m[1m^[22m[39m[31m[1m^[22m[39m
[31m[1m>[22m[39m[90m 24 |[39m } [36mfrom[39m [32m'@/lib/features/organization/queries'[39m[33m;[39m
 [90m    |[39m [31m[1m^[22m[39m[31m[1m^[22m[39m[31m[1m^[22m[39m[31m[1m^[22m[39m[31m[1m^[22m[39m[31m[1m^[22m[39m[31m[1m^[22m[39m[31m[1m^[22m[39m[31m[1m^[22m[39m[31m[1m^[22m[39m[31m[1m^[22m[39m[31m[1m^[22m[39m[31m[1m^[22m[39m[31m[1m^[22m[39m[31m[1m^[22m[39m[31m[1m^[22m[39m[31m[1m^[22m[39m[31m[1m^[22m[39m[31m[1m^[22m[39m[31m[1m^[22m[39m[31m[1m^[22m[39m[31m[1m^[22m[39m[31m[1m^[22m[39m[31m[1m^[22m[39m[31m[1m^[22m[39m[31m[1m^[22m[39m[31m[1m^[22m[39m[31m[1m^[22m[39m[31m[1m^[22m[39m[31m[1m^[22m[39m[31m[1m^[22m[39m[31m[1m^[22m[39m[31m[1m^[22m[39m[31m[1m^[22m[39m[31m[1m^[22m[39m[31m[1m^[22m[39m[31m[1m^[22m[39m[31m[1m^[22m[39m[31m[1m^[22m[39m[31m[1m^[22m[39m[31m[1m^[22m[39m[31m[1m^[22m[39m[31m[1m^[22m[39m[31m[1m^[22m[39m[31m[1m^[22m[39m[31m[1m^[22m[39m
 [90m 25 |[39m [36mimport[39m { [33mCard[39m } [36mfrom[39m [32m'@/components/ui/card'[39m[33m;[39m
 [90m 26 |[39m [36mimport[39m { [33mButton[39m } [36mfrom[39m [32m'@/components/ui/button'[39m[33m;[39m
 [90m 27 |[39m [36mimport[39m { [33mBadge[39m } [36mfrom[39m [32m'@/components/ui/badge'[39m[33m;[39m[0m

The export useAcceptInvitationByCode was not found in module [project]/lib/features/organization/queries/index.ts [app-client] (ecmascript).
Did you mean to import useAcceptInvitationByToken?
All exports of the module are statically known (It doesn't have dynamic exports). So it's known statically that the requested export doesn't exist.

Import traces:
  Client Component Browser:
    ./components/modules/organization/components/invitations-panel.tsx [Client Component Browser]
    ./components/modules/organization/components/index.ts [Client Component Browser]
    ./components/layout/header.tsx [Client Component Browser]
    ./components/layout/main-layout.tsx [Client Component Browser]
    ./components/layout/main-layout.tsx [Server Component]
    ./app/(protected)/layout.tsx [Server Component]

  Client Component SSR:
    ./components/modules/organization/components/invitations-panel.tsx [Client Component SSR]
    ./components/modules/organization/components/index.ts [Client Component SSR]
    ./components/layout/header.tsx [Client Component SSR]
    ./components/layout/main-layout.tsx [Client Component SSR]
    ./components/layout/main-layout.tsx [Server Component]
    ./app/(protected)/layout.tsx [Server Component]


./components/modules/organization/components/invitations-panel.tsx:20:1
Export useAcceptInvitationByCode doesn't exist in target module
[0m [90m 18 |[39m   [33mLoader[39m[33m,[39m
 [90m 19 |[39m } [36mfrom[39m [32m'lucide-react'[39m[33m;[39m
[31m[1m>[22m[39m[90m 20 |[39m [36mimport[39m {
 [90m    |[39m [31m[1m^[22m[39m[31m[1m^[22m[39m[31m[1m^[22m[39m[31m[1m^[22m[39m[31m[1m^[22m[39m[31m[1m^[22m[39m[31m[1m^[22m[39m[31m[1m^[22m[39m
[31m[1m>[22m[39m[90m 21 |[39m   usePendingInvitations[33m,[39m
 [90m    |[39m [31m[1m^[22m[39m[31m[1m^[22m[39m[31m[1m^[22m[39m[31m[1m^[22m[39m[31m[1m^[22m[39m[31m[1m^[22m[39m[31m[1m^[22m[39m[31m[1m^[22m[39m[31m[1m^[22m[39m[31m[1m^[22m[39m[31m[1m^[22m[39m[31m[1m^[22m[39m[31m[1m^[22m[39m[31m[1m^[22m[39m[31m[1m^[22m[39m[31m[1m^[22m[39m[31m[1m^[22m[39m[31m[1m^[22m[39m[31m[1m^[22m[39m[31m[1m^[22m[39m[31m[1m^[22m[39m[31m[1m^[22m[39m[31m[1m^[22m[39m[31m[1m^[22m[39m
[31m[1m>[22m[39m[90m 22 |[39m   useAcceptInvitationByToken[33m,[39m
 [90m    |[39m [31m[1m^[22m[39m[31m[1m^[22m[39m[31m[1m^[22m[39m[31m[1m^[22m[39m[31m[1m^[22m[39m[31m[1m^[22m[39m[31m[1m^[22m[39m[31m[1m^[22m[39m[31m[1m^[22m[39m[31m[1m^[22m[39m[31m[1m^[22m[39m[31m[1m^[22m[39m[31m[1m^[22m[39m[31m[1m^[22m[39m[31m[1m^[22m[39m[31m[1m^[22m[39m[31m[1m^[22m[39m[31m[1m^[22m[39m[31m[1m^[22m[39m[31m[1m^[22m[39m[31m[1m^[22m[39m[31m[1m^[22m[39m[31m[1m^[22m[39m[31m[1m^[22m[39m
[31m[1m>[22m[39m[90m 23 |[39m   useAcceptInvitationByCode[33m,[39m
 [90m    |[39m [31m[1m^[22m[39m[31m[1m^[22m[39m[31m[1m^[22m[39m[31m[1m^[22m[39m[31m[1m^[22m[39m[31m[1m^[22m[39m[31m[1m^[22m[39m[31m[1m^[22m[39m[31m[1m^[22m[39m[31m[1m^[22m[39m[31m[1m^[22m[39m[31m[1m^[22m[39m[31m[1m^[22m[39m[31m[1m^[22m[39m[31m[1m^[22m[39m[31m[1m^[22m[39m[31m[1m^[22m[39m[31m[1m^[22m[39m[31m[1m^[22m[39m[31m[1m^[22m[39m[31m[1m^[22m[39m[31m[1m^[22m[39m[31m[1m^[22m[39m[31m[1m^[22m[39m
[31m[1m>[22m[39m[90m 24 |[39m } [36mfrom[39m [32m'@/lib/features/organization/queries'[39m[33m;[39m
 [90m    |[39m [31m[1m^[22m[39m[31m[1m^[22m[39m[31m[1m^[22m[39m[31m[1m^[22m[39m[31m[1m^[22m[39m[31m[1m^[22m[39m[31m[1m^[22m[39m[31m[1m^[22m[39m[31m[1m^[22m[39m[31m[1m^[22m[39m[31m[1m^[22m[39m[31m[1m^[22m[39m[31m[1m^[22m[39m[31m[1m^[22m[39m[31m[1m^[22m[39m[31m[1m^[22m[39m[31m[1m^[22m[39m[31m[1m^[22m[39m[31m[1m^[22m[39m[31m[1m^[22m[39m[31m[1m^[22m[39m[31m[1m^[22m[39m[31m[1m^[22m[39m[31m[1m^[22m[39m[31m[1m^[22m[39m[31m[1m^[22m[39m[31m[1m^[22m[39m[31m[1m^[22m[39m[31m[1m^[22m[39m[31m[1m^[22m[39m[31m[1m^[22m[39m[31m[1m^[22m[39m[31m[1m^[22m[39m[31m[1m^[22m[39m[31m[1m^[22m[39m[31m[1m^[22m[39m[31m[1m^[22m[39m[31m[1m^[22m[39m[31m[1m^[22m[39m[31m[1m^[22m[39m[31m[1m^[22m[39m[31m[1m^[22m[39m[31m[1m^[22m[39m[31m[1m^[22m[39m[31m[1m^[22m[39m[31m[1m^[22m[39m
 [90m 25 |[39m [36mimport[39m { [33mCard[39m } [36mfrom[39m [32m'@/components/ui/card'[39m[33m;[39m
 [90m 26 |[39m [36mimport[39m { [33mButton[39m } [36mfrom[39m [32m'@/components/ui/button'[39m[33m;[39m
 [90m 27 |[39m [36mimport[39m { [33mBadge[39m } [36mfrom[39m [32m'@/components/ui/badge'[39m[33m;[39m[0m

The export useAcceptInvitationByCode was not found in module [project]/lib/features/organization/queries/index.ts [app-ssr] (ecmascript).
Did you mean to import useAcceptInvitationByToken?
All exports of the module are statically known (It doesn't have dynamic exports). So it's known statically that the requested export doesn't exist.

Import traces:
  Client Component Browser:
    ./components/modules/organization/components/invitations-panel.tsx [Client Component Browser]
    ./components/modules/organization/components/index.ts [Client Component Browser]
    ./components/layout/header.tsx [Client Component Browser]
    ./components/layout/main-layout.tsx [Client Component Browser]
    ./components/layout/main-layout.tsx [Server Component]
    ./app/(protected)/layout.tsx [Server Component]

  Client Component SSR:
    ./components/modules/organization/components/invitations-panel.tsx [Client Component SSR]
    ./components/modules/organization/components/index.ts [Client Component SSR]
    ./components/layout/header.tsx [Client Component SSR]
    ./components/layout/main-layout.tsx [Client Component SSR]
    ./components/layout/main-layout.tsx [Server Component]
    ./app/(protected)/layout.tsx [Server Component]


./components/modules/budgets/widgets/budget-overview-widget.tsx:8:1
Export useActiveBudgets doesn't exist in target module
[0m [90m  6 |[39m   [33mAlertTriangle[39m[33m,[39m
 [90m  7 |[39m } [36mfrom[39m [32m'lucide-react'[39m[33m;[39m
[31m[1m>[22m[39m[90m  8 |[39m [36mimport[39m { useActiveBudgets } [36mfrom[39m [32m'@/lib/features/budgets/queries'[39m[33m;[39m
 [90m    |[39m [31m[1m^[22m[39m[31m[1m^[22m[39m[31m[1m^[22m[39m[31m[1m^[22m[39m[31m[1m^[22m[39m[31m[1m^[22m[39m[31m[1m^[22m[39m[31m[1m^[22m[39m[31m[1m^[22m[39m[31m[1m^[22m[39m[31m[1m^[22m[39m[31m[1m^[22m[39m[31m[1m^[22m[39m[31m[1m^[22m[39m[31m[1m^[22m[39m[31m[1m^[22m[39m[31m[1m^[22m[39m[31m[1m^[22m[39m[31m[1m^[22m[39m[31m[1m^[22m[39m[31m[1m^[22m[39m[31m[1m^[22m[39m[31m[1m^[22m[39m[31m[1m^[22m[39m[31m[1m^[22m[39m[31m[1m^[22m[39m[31m[1m^[22m[39m[31m[1m^[22m[39m[31m[1m^[22m[39m[31m[1m^[22m[39m[31m[1m^[22m[39m[31m[1m^[22m[39m[31m[1m^[22m[39m[31m[1m^[22m[39m[31m[1m^[22m[39m[31m[1m^[22m[39m[31m[1m^[22m[39m[31m[1m^[22m[39m[31m[1m^[22m[39m[31m[1m^[22m[39m[31m[1m^[22m[39m[31m[1m^[22m[39m[31m[1m^[22m[39m[31m[1m^[22m[39m[31m[1m^[22m[39m[31m[1m^[22m[39m[31m[1m^[22m[39m[31m[1m^[22m[39m[31m[1m^[22m[39m[31m[1m^[22m[39m[31m[1m^[22m[39m[31m[1m^[22m[39m[31m[1m^[22m[39m[31m[1m^[22m[39m[31m[1m^[22m[39m[31m[1m^[22m[39m[31m[1m^[22m[39m[31m[1m^[22m[39m[31m[1m^[22m[39m[31m[1m^[22m[39m[31m[1m^[22m[39m[31m[1m^[22m[39m[31m[1m^[22m[39m[31m[1m^[22m[39m[31m[1m^[22m[39m[31m[1m^[22m[39m
 [90m  9 |[39m [36mimport[39m { [33mBadge[39m } [36mfrom[39m [32m'@/components/ui/badge'[39m[33m;[39m
 [90m 10 |[39m [36mimport[39m { [33mTabs[39m[33m,[39m [33mTabsList[39m[33m,[39m [33mTabsTrigger[39m } [36mfrom[39m [32m'@/components/ui/tabs'[39m[33m;[39m
 [90m 11 |[39m [36mimport[39m { [33mCurrencyDisplay[39m } [36mfrom[39m [32m'@/components/ui/currency-display'[39m[33m;[39m[0m

The export useActiveBudgets was not found in module [project]/lib/features/budgets/queries/index.ts [app-client] (ecmascript).
Did you mean to import usePendingAlerts?
All exports of the module are statically known (It doesn't have dynamic exports). So it's known statically that the requested export doesn't exist.

Import traces:
  Client Component Browser:
    ./components/modules/budgets/widgets/budget-overview-widget.tsx [Client Component Browser]
    ./app/dashboard/page.tsx [Client Component Browser]
    ./app/dashboard/page.tsx [Server Component]

  Client Component SSR:
    ./components/modules/budgets/widgets/budget-overview-widget.tsx [Client Component SSR]
    ./app/dashboard/page.tsx [Client Component SSR]
    ./app/dashboard/page.tsx [Server Component]


./components/modules/budgets/widgets/budget-overview-widget.tsx:8:1
Export useActiveBudgets doesn't exist in target module
[0m [90m  6 |[39m   [33mAlertTriangle[39m[33m,[39m
 [90m  7 |[39m } [36mfrom[39m [32m'lucide-react'[39m[33m;[39m
[31m[1m>[22m[39m[90m  8 |[39m [36mimport[39m { useActiveBudgets } [36mfrom[39m [32m'@/lib/features/budgets/queries'[39m[33m;[39m
 [90m    |[39m [31m[1m^[22m[39m[31m[1m^[22m[39m[31m[1m^[22m[39m[31m[1m^[22m[39m[31m[1m^[22m[39m[31m[1m^[22m[39m[31m[1m^[22m[39m[31m[1m^[22m[39m[31m[1m^[22m[39m[31m[1m^[22m[39m[31m[1m^[22m[39m[31m[1m^[22m[39m[31m[1m^[22m[39m[31m[1m^[22m[39m[31m[1m^[22m[39m[31m[1m^[22m[39m[31m[1m^[22m[39m[31m[1m^[22m[39m[31m[1m^[22m[39m[31m[1m^[22m[39m[31m[1m^[22m[39m[31m[1m^[22m[39m[31m[1m^[22m[39m[31m[1m^[22m[39m[31m[1m^[22m[39m[31m[1m^[22m[39m[31m[1m^[22m[39m[31m[1m^[22m[39m[31m[1m^[22m[39m[31m[1m^[22m[39m[31m[1m^[22m[39m[31m[1m^[22m[39m[31m[1m^[22m[39m[31m[1m^[22m[39m[31m[1m^[22m[39m[31m[1m^[22m[39m[31m[1m^[22m[39m[31m[1m^[22m[39m[31m[1m^[22m[39m[31m[1m^[22m[39m[31m[1m^[22m[39m[31m[1m^[22m[39m[31m[1m^[22m[39m[31m[1m^[22m[39m[31m[1m^[22m[39m[31m[1m^[22m[39m[31m[1m^[22m[39m[31m[1m^[22m[39m[31m[1m^[22m[39m[31m[1m^[22m[39m[31m[1m^[22m[39m[31m[1m^[22m[39m[31m[1m^[22m[39m[31m[1m^[22m[39m[31m[1m^[22m[39m[31m[1m^[22m[39m[31m[1m^[22m[39m[31m[1m^[22m[39m[31m[1m^[22m[39m[31m[1m^[22m[39m[31m[1m^[22m[39m[31m[1m^[22m[39m[31m[1m^[22m[39m[31m[1m^[22m[39m[31m[1m^[22m[39m[31m[1m^[22m[39m
 [90m  9 |[39m [36mimport[39m { [33mBadge[39m } [36mfrom[39m [32m'@/components/ui/badge'[39m[33m;[39m
 [90m 10 |[39m [36mimport[39m { [33mTabs[39m[33m,[39m [33mTabsList[39m[33m,[39m [33mTabsTrigger[39m } [36mfrom[39m [32m'@/components/ui/tabs'[39m[33m;[39m
 [90m 11 |[39m [36mimport[39m { [33mCurrencyDisplay[39m } [36mfrom[39m [32m'@/components/ui/currency-display'[39m[33m;[39m[0m

The export useActiveBudgets was not found in module [project]/lib/features/budgets/queries/index.ts [app-ssr] (ecmascript).
Did you mean to import usePendingAlerts?
All exports of the module are statically known (It doesn't have dynamic exports). So it's known statically that the requested export doesn't exist.

Import traces:
  Client Component Browser:
    ./components/modules/budgets/widgets/budget-overview-widget.tsx [Client Component Browser]
    ./app/dashboard/page.tsx [Client Component Browser]
    ./app/dashboard/page.tsx [Server Component]

  Client Component SSR:
    ./components/modules/budgets/widgets/budget-overview-widget.tsx [Client Component SSR]
    ./app/dashboard/page.tsx [Client Component SSR]
    ./app/dashboard/page.tsx [Server Component]


./components/modules/budgets/components/sections/category-details-drawer.tsx:8:1
Export useBudget doesn't exist in target module
[0m [90m  6 |[39m [90m */[39m
 [90m  7 |[39m
[31m[1m>[22m[39m[90m  8 |[39m [36mimport[39m { useBudget } [36mfrom[39m [32m'@/lib/queries'[39m[33m;[39m
 [90m    |[39m [31m[1m^[22m[39m[31m[1m^[22m[39m[31m[1m^[22m[39m[31m[1m^[22m[39m[31m[1m^[22m[39m[31m[1m^[22m[39m[31m[1m^[22m[39m[31m[1m^[22m[39m[31m[1m^[22m[39m[31m[1m^[22m[39m[31m[1m^[22m[39m[31m[1m^[22m[39m[31m[1m^[22m[39m[31m[1m^[22m[39m[31m[1m^[22m[39m[31m[1m^[22m[39m[31m[1m^[22m[39m[31m[1m^[22m[39m[31m[1m^[22m[39m[31m[1m^[22m[39m[31m[1m^[22m[39m[31m[1m^[22m[39m[31m[1m^[22m[39m[31m[1m^[22m[39m[31m[1m^[22m[39m[31m[1m^[22m[39m[31m[1m^[22m[39m[31m[1m^[22m[39m[31m[1m^[22m[39m[31m[1m^[22m[39m[31m[1m^[22m[39m[31m[1m^[22m[39m[31m[1m^[22m[39m[31m[1m^[22m[39m[31m[1m^[22m[39m[31m[1m^[22m[39m[31m[1m^[22m[39m[31m[1m^[22m[39m[31m[1m^[22m[39m[31m[1m^[22m[39m[31m[1m^[22m[39m[31m[1m^[22m[39m
 [90m  9 |[39m [36mimport[39m {
 [90m 10 |[39m   [33mSheet[39m[33m,[39m
 [90m 11 |[39m   [33mSheetContent[39m[33m,[39m[0m

The export useBudget was not found in module [project]/lib/queries/index.ts [app-client] (ecmascript).
Did you mean to import useBudgetUIStore?
All exports of the module are statically known (It doesn't have dynamic exports). So it's known statically that the requested export doesn't exist.

Import traces:
  Client Component Browser:
    ./components/modules/budgets/components/sections/category-details-drawer.tsx [Client Component Browser]
    ./app/(protected)/budgets-v3/page.tsx [Client Component Browser]
    ./app/(protected)/budgets-v3/page.tsx [Server Component]

  Client Component SSR:
    ./components/modules/budgets/components/sections/category-details-drawer.tsx [Client Component SSR]
    ./app/(protected)/budgets-v3/page.tsx [Client Component SSR]
    ./app/(protected)/budgets-v3/page.tsx [Server Component]


./components/modules/budgets/components/sections/category-details-drawer.tsx:8:1
Export useBudget doesn't exist in target module
[0m [90m  6 |[39m [90m */[39m
 [90m  7 |[39m
[31m[1m>[22m[39m[90m  8 |[39m [36mimport[39m { useBudget } [36mfrom[39m [32m'@/lib/queries'[39m[33m;[39m
 [90m    |[39m [31m[1m^[22m[39m[31m[1m^[22m[39m[31m[1m^[22m[39m[31m[1m^[22m[39m[31m[1m^[22m[39m[31m[1m^[22m[39m[31m[1m^[22m[39m[31m[1m^[22m[39m[31m[1m^[22m[39m[31m[1m^[22m[39m[31m[1m^[22m[39m[31m[1m^[22m[39m[31m[1m^[22m[39m[31m[1m^[22m[39m[31m[1m^[22m[39m[31m[1m^[22m[39m[31m[1m^[22m[39m[31m[1m^[22m[39m[31m[1m^[22m[39m[31m[1m^[22m[39m[31m[1m^[22m[39m[31m[1m^[22m[39m[31m[1m^[22m[39m[31m[1m^[22m[39m[31m[1m^[22m[39m[31m[1m^[22m[39m[31m[1m^[22m[39m[31m[1m^[22m[39m[31m[1m^[22m[39m[31m[1m^[22m[39m[31m[1m^[22m[39m[31m[1m^[22m[39m[31m[1m^[22m[39m[31m[1m^[22m[39m[31m[1m^[22m[39m[31m[1m^[22m[39m[31m[1m^[22m[39m[31m[1m^[22m[39m[31m[1m^[22m[39m[31m[1m^[22m[39m[31m[1m^[22m[39m[31m[1m^[22m[39m
 [90m  9 |[39m [36mimport[39m {
 [90m 10 |[39m   [33mSheet[39m[33m,[39m
 [90m 11 |[39m   [33mSheetContent[39m[33m,[39m[0m

The export useBudget was not found in module [project]/lib/queries/index.ts [app-ssr] (ecmascript).
Did you mean to import useBudgetUIStore?
All exports of the module are statically known (It doesn't have dynamic exports). So it's known statically that the requested export doesn't exist.

Import traces:
  Client Component Browser:
    ./components/modules/budgets/components/sections/category-details-drawer.tsx [Client Component Browser]
    ./app/(protected)/budgets-v3/page.tsx [Client Component Browser]
    ./app/(protected)/budgets-v3/page.tsx [Server Component]

  Client Component SSR:
    ./components/modules/budgets/components/sections/category-details-drawer.tsx [Client Component SSR]
    ./app/(protected)/budgets-v3/page.tsx [Client Component SSR]
    ./app/(protected)/budgets-v3/page.tsx [Server Component]


./app/(protected)/budgets-v3/page.tsx:16:1
Export useBudgets doesn't exist in target module
[0m [90m 14 |[39m [36mimport[39m { useAuthStore } [36mfrom[39m [32m'@/lib/features/auth/stores'[39m[33m;[39m
 [90m 15 |[39m [36mimport[39m { useOrganizationStore } [36mfrom[39m [32m'@/lib/features/organization/stores'[39m[33m;[39m
[31m[1m>[22m[39m[90m 16 |[39m [36mimport[39m { useBudgets[33m,[39m useDashboardMetrics } [36mfrom[39m [32m'@/lib/queries'[39m[33m;[39m
 [90m    |[39m [31m[1m^[22m[39m[31m[1m^[22m[39m[31m[1m^[22m[39m[31m[1m^[22m[39m[31m[1m^[22m[39m[31m[1m^[22m[39m[31m[1m^[22m[39m[31m[1m^[22m[39m[31m[1m^[22m[39m[31m[1m^[22m[39m[31m[1m^[22m[39m[31m[1m^[22m[39m[31m[1m^[22m[39m[31m[1m^[22m[39m[31m[1m^[22m[39m[31m[1m^[22m[39m[31m[1m^[22m[39m[31m[1m^[22m[39m[31m[1m^[22m[39m[31m[1m^[22m[39m[31m[1m^[22m[39m[31m[1m^[22m[39m[31m[1m^[22m[39m[31m[1m^[22m[39m[31m[1m^[22m[39m[31m[1m^[22m[39m[31m[1m^[22m[39m[31m[1m^[22m[39m[31m[1m^[22m[39m[31m[1m^[22m[39m[31m[1m^[22m[39m[31m[1m^[22m[39m[31m[1m^[22m[39m[31m[1m^[22m[39m[31m[1m^[22m[39m[31m[1m^[22m[39m[31m[1m^[22m[39m[31m[1m^[22m[39m[31m[1m^[22m[39m[31m[1m^[22m[39m[31m[1m^[22m[39m[31m[1m^[22m[39m[31m[1m^[22m[39m[31m[1m^[22m[39m[31m[1m^[22m[39m[31m[1m^[22m[39m[31m[1m^[22m[39m[31m[1m^[22m[39m[31m[1m^[22m[39m[31m[1m^[22m[39m[31m[1m^[22m[39m[31m[1m^[22m[39m[31m[1m^[22m[39m[31m[1m^[22m[39m[31m[1m^[22m[39m[31m[1m^[22m[39m[31m[1m^[22m[39m[31m[1m^[22m[39m[31m[1m^[22m[39m[31m[1m^[22m[39m[31m[1m^[22m[39m[31m[1m^[22m[39m[31m[1m^[22m[39m[31m[1m^[22m[39m
 [90m 17 |[39m [36mimport[39m { usePostHogPageView } [36mfrom[39m [32m'@/lib/shared/hooks'[39m[33m;[39m
 [90m 18 |[39m [36mimport[39m { useBudgetAllocation } [36mfrom[39m [32m'@/lib/features/budgets/hooks'[39m[33m;[39m
 [90m 19 |[39m [36mimport[39m { useAvailableToBudget } [36mfrom[39m [32m'@/lib/features/budgets/hooks'[39m[33m;[39m[0m

The export useBudgets was not found in module [project]/lib/queries/index.ts [app-client] (ecmascript).
Did you mean to import useBudgetUIStore?
All exports of the module are statically known (It doesn't have dynamic exports). So it's known statically that the requested export doesn't exist.

Import traces:
  Client Component Browser:
    ./app/(protected)/budgets-v3/page.tsx [Client Component Browser]
    ./app/(protected)/budgets-v3/page.tsx [Server Component]

  Client Component SSR:
    ./app/(protected)/budgets-v3/page.tsx [Client Component SSR]
    ./app/(protected)/budgets-v3/page.tsx [Server Component]


./app/(protected)/budgets-v3/page.tsx:16:1
Export useBudgets doesn't exist in target module
[0m [90m 14 |[39m [36mimport[39m { useAuthStore } [36mfrom[39m [32m'@/lib/features/auth/stores'[39m[33m;[39m
 [90m 15 |[39m [36mimport[39m { useOrganizationStore } [36mfrom[39m [32m'@/lib/features/organization/stores'[39m[33m;[39m
[31m[1m>[22m[39m[90m 16 |[39m [36mimport[39m { useBudgets[33m,[39m useDashboardMetrics } [36mfrom[39m [32m'@/lib/queries'[39m[33m;[39m
 [90m    |[39m [31m[1m^[22m[39m[31m[1m^[22m[39m[31m[1m^[22m[39m[31m[1m^[22m[39m[31m[1m^[22m[39m[31m[1m^[22m[39m[31m[1m^[22m[39m[31m[1m^[22m[39m[31m[1m^[22m[39m[31m[1m^[22m[39m[31m[1m^[22m[39m[31m[1m^[22m[39m[31m[1m^[22m[39m[31m[1m^[22m[39m[31m[1m^[22m[39m[31m[1m^[22m[39m[31m[1m^[22m[39m[31m[1m^[22m[39m[31m[1m^[22m[39m[31m[1m^[22m[39m[31m[1m^[22m[39m[31m[1m^[22m[39m[31m[1m^[22m[39m[31m[1m^[22m[39m[31m[1m^[22m[39m[31m[1m^[22m[39m[31m[1m^[22m[39m[31m[1m^[22m[39m[31m[1m^[22m[39m[31m[1m^[22m[39m[31m[1m^[22m[39m[31m[1m^[22m[39m[31m[1m^[22m[39m[31m[1m^[22m[39m[31m[1m^[22m[39m[31m[1m^[22m[39m[31m[1m^[22m[39m[31m[1m^[22m[39m[31m[1m^[22m[39m[31m[1m^[22m[39m[31m[1m^[22m[39m[31m[1m^[22m[39m[31m[1m^[22m[39m[31m[1m^[22m[39m[31m[1m^[22m[39m[31m[1m^[22m[39m[31m[1m^[22m[39m[31m[1m^[22m[39m[31m[1m^[22m[39m[31m[1m^[22m[39m[31m[1m^[22m[39m[31m[1m^[22m[39m[31m[1m^[22m[39m[31m[1m^[22m[39m[31m[1m^[22m[39m[31m[1m^[22m[39m[31m[1m^[22m[39m[31m[1m^[22m[39m[31m[1m^[22m[39m[31m[1m^[22m[39m[31m[1m^[22m[39m[31m[1m^[22m[39m[31m[1m^[22m[39m[31m[1m^[22m[39m
 [90m 17 |[39m [36mimport[39m { usePostHogPageView } [36mfrom[39m [32m'@/lib/shared/hooks'[39m[33m;[39m
 [90m 18 |[39m [36mimport[39m { useBudgetAllocation } [36mfrom[39m [32m'@/lib/features/budgets/hooks'[39m[33m;[39m
 [90m 19 |[39m [36mimport[39m { useAvailableToBudget } [36mfrom[39m [32m'@/lib/features/budgets/hooks'[39m[33m;[39m[0m

The export useBudgets was not found in module [project]/lib/queries/index.ts [app-ssr] (ecmascript).
Did you mean to import useBudgetUIStore?
All exports of the module are statically known (It doesn't have dynamic exports). So it's known statically that the requested export doesn't exist.

Import traces:
  Client Component Browser:
    ./app/(protected)/budgets-v3/page.tsx [Client Component Browser]
    ./app/(protected)/budgets-v3/page.tsx [Server Component]

  Client Component SSR:
    ./app/(protected)/budgets-v3/page.tsx [Client Component SSR]
    ./app/(protected)/budgets-v3/page.tsx [Server Component]


./app/(protected)/budgets-v3/page.tsx:16:1
Export useDashboardMetrics doesn't exist in target module
[0m [90m 14 |[39m [36mimport[39m { useAuthStore } [36mfrom[39m [32m'@/lib/features/auth/stores'[39m[33m;[39m
 [90m 15 |[39m [36mimport[39m { useOrganizationStore } [36mfrom[39m [32m'@/lib/features/organization/stores'[39m[33m;[39m
[31m[1m>[22m[39m[90m 16 |[39m [36mimport[39m { useBudgets[33m,[39m useDashboardMetrics } [36mfrom[39m [32m'@/lib/queries'[39m[33m;[39m
 [90m    |[39m [31m[1m^[22m[39m[31m[1m^[22m[39m[31m[1m^[22m[39m[31m[1m^[22m[39m[31m[1m^[22m[39m[31m[1m^[22m[39m[31m[1m^[22m[39m[31m[1m^[22m[39m[31m[1m^[22m[39m[31m[1m^[22m[39m[31m[1m^[22m[39m[31m[1m^[22m[39m[31m[1m^[22m[39m[31m[1m^[22m[39m[31m[1m^[22m[39m[31m[1m^[22m[39m[31m[1m^[22m[39m[31m[1m^[22m[39m[31m[1m^[22m[39m[31m[1m^[22m[39m[31m[1m^[22m[39m[31m[1m^[22m[39m[31m[1m^[22m[39m[31m[1m^[22m[39m[31m[1m^[22m[39m[31m[1m^[22m[39m[31m[1m^[22m[39m[31m[1m^[22m[39m[31m[1m^[22m[39m[31m[1m^[22m[39m[31m[1m^[22m[39m[31m[1m^[22m[39m[31m[1m^[22m[39m[31m[1m^[22m[39m[31m[1m^[22m[39m[31m[1m^[22m[39m[31m[1m^[22m[39m[31m[1m^[22m[39m[31m[1m^[22m[39m[31m[1m^[22m[39m[31m[1m^[22m[39m[31m[1m^[22m[39m[31m[1m^[22m[39m[31m[1m^[22m[39m[31m[1m^[22m[39m[31m[1m^[22m[39m[31m[1m^[22m[39m[31m[1m^[22m[39m[31m[1m^[22m[39m[31m[1m^[22m[39m[31m[1m^[22m[39m[31m[1m^[22m[39m[31m[1m^[22m[39m[31m[1m^[22m[39m[31m[1m^[22m[39m[31m[1m^[22m[39m[31m[1m^[22m[39m[31m[1m^[22m[39m[31m[1m^[22m[39m[31m[1m^[22m[39m[31m[1m^[22m[39m[31m[1m^[22m[39m[31m[1m^[22m[39m[31m[1m^[22m[39m
 [90m 17 |[39m [36mimport[39m { usePostHogPageView } [36mfrom[39m [32m'@/lib/shared/hooks'[39m[33m;[39m
 [90m 18 |[39m [36mimport[39m { useBudgetAllocation } [36mfrom[39m [32m'@/lib/features/budgets/hooks'[39m[33m;[39m
 [90m 19 |[39m [36mimport[39m { useAvailableToBudget } [36mfrom[39m [32m'@/lib/features/budgets/hooks'[39m[33m;[39m[0m

The export useDashboardMetrics was not found in module [project]/lib/queries/index.ts [app-client] (ecmascript).
Did you mean to import useDashboardLayoutStore?
All exports of the module are statically known (It doesn't have dynamic exports). So it's known statically that the requested export doesn't exist.

Import traces:
  Client Component Browser:
    ./app/(protected)/budgets-v3/page.tsx [Client Component Browser]
    ./app/(protected)/budgets-v3/page.tsx [Server Component]

  Client Component SSR:
    ./app/(protected)/budgets-v3/page.tsx [Client Component SSR]
    ./app/(protected)/budgets-v3/page.tsx [Server Component]


./app/(protected)/budgets-v3/page.tsx:16:1
Export useDashboardMetrics doesn't exist in target module
[0m [90m 14 |[39m [36mimport[39m { useAuthStore } [36mfrom[39m [32m'@/lib/features/auth/stores'[39m[33m;[39m
 [90m 15 |[39m [36mimport[39m { useOrganizationStore } [36mfrom[39m [32m'@/lib/features/organization/stores'[39m[33m;[39m
[31m[1m>[22m[39m[90m 16 |[39m [36mimport[39m { useBudgets[33m,[39m useDashboardMetrics } [36mfrom[39m [32m'@/lib/queries'[39m[33m;[39m
 [90m    |[39m [31m[1m^[22m[39m[31m[1m^[22m[39m[31m[1m^[22m[39m[31m[1m^[22m[39m[31m[1m^[22m[39m[31m[1m^[22m[39m[31m[1m^[22m[39m[31m[1m^[22m[39m[31m[1m^[22m[39m[31m[1m^[22m[39m[31m[1m^[22m[39m[31m[1m^[22m[39m[31m[1m^[22m[39m[31m[1m^[22m[39m[31m[1m^[22m[39m[31m[1m^[22m[39m[31m[1m^[22m[39m[31m[1m^[22m[39m[31m[1m^[22m[39m[31m[1m^[22m[39m[31m[1m^[22m[39m[31m[1m^[22m[39m[31m[1m^[22m[39m[31m[1m^[22m[39m[31m[1m^[22m[39m[31m[1m^[22m[39m[31m[1m^[22m[39m[31m[1m^[22m[39m[31m[1m^[22m[39m[31m[1m^[22m[39m[31m[1m^[22m[39m[31m[1m^[22m[39m[31m[1m^[22m[39m[31m[1m^[22m[39m[31m[1m^[22m[39m[31m[1m^[22m[39m[31m[1m^[22m[39m[31m[1m^[22m[39m[31m[1m^[22m[39m[31m[1m^[22m[39m[31m[1m^[22m[39m[31m[1m^[22m[39m[31m[1m^[22m[39m[31m[1m^[22m[39m[31m[1m^[22m[39m[31m[1m^[22m[39m[31m[1m^[22m[39m[31m[1m^[22m[39m[31m[1m^[22m[39m[31m[1m^[22m[39m[31m[1m^[22m[39m[31m[1m^[22m[39m[31m[1m^[22m[39m[31m[1m^[22m[39m[31m[1m^[22m[39m[31m[1m^[22m[39m[31m[1m^[22m[39m[31m[1m^[22m[39m[31m[1m^[22m[39m[31m[1m^[22m[39m[31m[1m^[22m[39m[31m[1m^[22m[39m[31m[1m^[22m[39m[31m[1m^[22m[39m
 [90m 17 |[39m [36mimport[39m { usePostHogPageView } [36mfrom[39m [32m'@/lib/shared/hooks'[39m[33m;[39m
 [90m 18 |[39m [36mimport[39m { useBudgetAllocation } [36mfrom[39m [32m'@/lib/features/budgets/hooks'[39m[33m;[39m
 [90m 19 |[39m [36mimport[39m { useAvailableToBudget } [36mfrom[39m [32m'@/lib/features/budgets/hooks'[39m[33m;[39m[0m

The export useDashboardMetrics was not found in module [project]/lib/queries/index.ts [app-ssr] (ecmascript).
Did you mean to import useDashboardLayoutStore?
All exports of the module are statically known (It doesn't have dynamic exports). So it's known statically that the requested export doesn't exist.

Import traces:
  Client Component Browser:
    ./app/(protected)/budgets-v3/page.tsx [Client Component Browser]
    ./app/(protected)/budgets-v3/page.tsx [Server Component]

  Client Component SSR:
    ./app/(protected)/budgets-v3/page.tsx [Client Component SSR]
    ./app/(protected)/budgets-v3/page.tsx [Server Component]


./components/modules/organization/components/organization-settings.tsx:14:1
Export useDeleteOrganization doesn't exist in target module
[0m [90m 12 |[39m [36mimport[39m { useState } [36mfrom[39m [32m'react'[39m[33m;[39m
 [90m 13 |[39m [36mimport[39m { [33mTrash2[39m[33m,[39m [33mEdit2[39m } [36mfrom[39m [32m'lucide-react'[39m[33m;[39m
[31m[1m>[22m[39m[90m 14 |[39m [36mimport[39m { useOrganization[33m,[39m useDeleteOrganization } [36mfrom[39m [32m'@/lib/features/organization/queries'[39m[33m;[39m
 [90m    |[39m [31m[1m^[22m[39m[31m[1m^[22m[39m[31m[1m^[22m[39m[31m[1m^[22m[39m[31m[1m^[22m[39m[31m[1m^[22m[39m[31m[1m^[22m[39m[31m[1m^[22m[39m[31m[1m^[22m[39m[31m[1m^[22m[39m[31m[1m^[22m[39m[31m[1m^[22m[39m[31m[1m^[22m[39m[31m[1m^[22m[39m[31m[1m^[22m[39m[31m[1m^[22m[39m[31m[1m^[22m[39m[31m[1m^[22m[39m[31m[1m^[22m[39m[31m[1m^[22m[39m[31m[1m^[22m[39m[31m[1m^[22m[39m[31m[1m^[22m[39m[31m[1m^[22m[39m[31m[1m^[22m[39m[31m[1m^[22m[39m[31m[1m^[22m[39m[31m[1m^[22m[39m[31m[1m^[22m[39m[31m[1m^[22m[39m[31m[1m^[22m[39m[31m[1m^[22m[39m[31m[1m^[22m[39m[31m[1m^[22m[39m[31m[1m^[22m[39m[31m[1m^[22m[39m[31m[1m^[22m[39m[31m[1m^[22m[39m[31m[1m^[22m[39m[31m[1m^[22m[39m[31m[1m^[22m[39m[31m[1m^[22m[39m[31m[1m^[22m[39m[31m[1m^[22m[39m[31m[1m^[22m[39m[31m[1m^[22m[39m[31m[1m^[22m[39m[31m[1m^[22m[39m[31m[1m^[22m[39m[31m[1m^[22m[39m[31m[1m^[22m[39m[31m[1m^[22m[39m[31m[1m^[22m[39m[31m[1m^[22m[39m[31m[1m^[22m[39m[31m[1m^[22m[39m[31m[1m^[22m[39m[31m[1m^[22m[39m[31m[1m^[22m[39m[31m[1m^[22m[39m[31m[1m^[22m[39m[31m[1m^[22m[39m[31m[1m^[22m[39m[31m[1m^[22m[39m[31m[1m^[22m[39m[31m[1m^[22m[39m[31m[1m^[22m[39m[31m[1m^[22m[39m[31m[1m^[22m[39m[31m[1m^[22m[39m[31m[1m^[22m[39m[31m[1m^[22m[39m[31m[1m^[22m[39m[31m[1m^[22m[39m[31m[1m^[22m[39m[31m[1m^[22m[39m[31m[1m^[22m[39m[31m[1m^[22m[39m[31m[1m^[22m[39m[31m[1m^[22m[39m[31m[1m^[22m[39m[31m[1m^[22m[39m[31m[1m^[22m[39m[31m[1m^[22m[39m[31m[1m^[22m[39m[31m[1m^[22m[39m[31m[1m^[22m[39m[31m[1m^[22m[39m[31m[1m^[22m[39m[31m[1m^[22m[39m[31m[1m^[22m[39m[31m[1m^[22m[39m[31m[1m^[22m[39m
 [90m 15 |[39m [36mimport[39m { useCurrentUser } [36mfrom[39m [32m'@/lib/features/auth/queries'[39m[33m;[39m
 [90m 16 |[39m [36mimport[39m { useOrganizationUIStore } [36mfrom[39m [32m'@/lib/features/organization/stores'[39m[33m;[39m
 [90m 17 |[39m [36mimport[39m { [33mCreateOrganizationModal[39m } [36mfrom[39m [32m'./create-organization-modal'[39m[33m;[39m[0m

The export useDeleteOrganization was not found in module [project]/lib/features/organization/queries/index.ts [app-client] (ecmascript).
Did you mean to import useOrganization?
All exports of the module are statically known (It doesn't have dynamic exports). So it's known statically that the requested export doesn't exist.

Import traces:
  Client Component Browser:
    ./components/modules/organization/components/organization-settings.tsx [Client Component Browser]
    ./components/modules/organization/components/index.ts [Client Component Browser]
    ./components/layout/header.tsx [Client Component Browser]
    ./components/layout/main-layout.tsx [Client Component Browser]
    ./components/layout/main-layout.tsx [Server Component]
    ./app/dashboard/layout.tsx [Server Component]

  Client Component SSR:
    ./components/modules/organization/components/organization-settings.tsx [Client Component SSR]
    ./components/modules/organization/components/index.ts [Client Component SSR]
    ./components/layout/header.tsx [Client Component SSR]
    ./components/layout/main-layout.tsx [Client Component SSR]
    ./components/layout/main-layout.tsx [Server Component]
    ./app/dashboard/layout.tsx [Server Component]


./components/modules/organization/components/organization-settings.tsx:14:1
Export useDeleteOrganization doesn't exist in target module
[0m [90m 12 |[39m [36mimport[39m { useState } [36mfrom[39m [32m'react'[39m[33m;[39m
 [90m 13 |[39m [36mimport[39m { [33mTrash2[39m[33m,[39m [33mEdit2[39m } [36mfrom[39m [32m'lucide-react'[39m[33m;[39m
[31m[1m>[22m[39m[90m 14 |[39m [36mimport[39m { useOrganization[33m,[39m useDeleteOrganization } [36mfrom[39m [32m'@/lib/features/organization/queries'[39m[33m;[39m
 [90m    |[39m [31m[1m^[22m[39m[31m[1m^[22m[39m[31m[1m^[22m[39m[31m[1m^[22m[39m[31m[1m^[22m[39m[31m[1m^[22m[39m[31m[1m^[22m[39m[31m[1m^[22m[39m[31m[1m^[22m[39m[31m[1m^[22m[39m[31m[1m^[22m[39m[31m[1m^[22m[39m[31m[1m^[22m[39m[31m[1m^[22m[39m[31m[1m^[22m[39m[31m[1m^[22m[39m[31m[1m^[22m[39m[31m[1m^[22m[39m[31m[1m^[22m[39m[31m[1m^[22m[39m[31m[1m^[22m[39m[31m[1m^[22m[39m[31m[1m^[22m[39m[31m[1m^[22m[39m[31m[1m^[22m[39m[31m[1m^[22m[39m[31m[1m^[22m[39m[31m[1m^[22m[39m[31m[1m^[22m[39m[31m[1m^[22m[39m[31m[1m^[22m[39m[31m[1m^[22m[39m[31m[1m^[22m[39m[31m[1m^[22m[39m[31m[1m^[22m[39m[31m[1m^[22m[39m[31m[1m^[22m[39m[31m[1m^[22m[39m[31m[1m^[22m[39m[31m[1m^[22m[39m[31m[1m^[22m[39m[31m[1m^[22m[39m[31m[1m^[22m[39m[31m[1m^[22m[39m[31m[1m^[22m[39m[31m[1m^[22m[39m[31m[1m^[22m[39m[31m[1m^[22m[39m[31m[1m^[22m[39m[31m[1m^[22m[39m[31m[1m^[22m[39m[31m[1m^[22m[39m[31m[1m^[22m[39m[31m[1m^[22m[39m[31m[1m^[22m[39m[31m[1m^[22m[39m[31m[1m^[22m[39m[31m[1m^[22m[39m[31m[1m^[22m[39m[31m[1m^[22m[39m[31m[1m^[22m[39m[31m[1m^[22m[39m[31m[1m^[22m[39m[31m[1m^[22m[39m[31m[1m^[22m[39m[31m[1m^[22m[39m[31m[1m^[22m[39m[31m[1m^[22m[39m[31m[1m^[22m[39m[31m[1m^[22m[39m[31m[1m^[22m[39m[31m[1m^[22m[39m[31m[1m^[22m[39m[31m[1m^[22m[39m[31m[1m^[22m[39m[31m[1m^[22m[39m[31m[1m^[22m[39m[31m[1m^[22m[39m[31m[1m^[22m[39m[31m[1m^[22m[39m[31m[1m^[22m[39m[31m[1m^[22m[39m[31m[1m^[22m[39m[31m[1m^[22m[39m[31m[1m^[22m[39m[31m[1m^[22m[39m[31m[1m^[22m[39m[31m[1m^[22m[39m[31m[1m^[22m[39m[31m[1m^[22m[39m[31m[1m^[22m[39m[31m[1m^[22m[39m[31m[1m^[22m[39m
 [90m 15 |[39m [36mimport[39m { useCurrentUser } [36mfrom[39m [32m'@/lib/features/auth/queries'[39m[33m;[39m
 [90m 16 |[39m [36mimport[39m { useOrganizationUIStore } [36mfrom[39m [32m'@/lib/features/organization/stores'[39m[33m;[39m
 [90m 17 |[39m [36mimport[39m { [33mCreateOrganizationModal[39m } [36mfrom[39m [32m'./create-organization-modal'[39m[33m;[39m[0m

The export useDeleteOrganization was not found in module [project]/lib/features/organization/queries/index.ts [app-ssr] (ecmascript).
Did you mean to import useOrganization?
All exports of the module are statically known (It doesn't have dynamic exports). So it's known statically that the requested export doesn't exist.

Import traces:
  Client Component Browser:
    ./components/modules/organization/components/organization-settings.tsx [Client Component Browser]
    ./components/modules/organization/components/index.ts [Client Component Browser]
    ./components/layout/header.tsx [Client Component Browser]
    ./components/layout/main-layout.tsx [Client Component Browser]
    ./components/layout/main-layout.tsx [Server Component]
    ./app/dashboard/layout.tsx [Server Component]

  Client Component SSR:
    ./components/modules/organization/components/organization-settings.tsx [Client Component SSR]
    ./components/modules/organization/components/index.ts [Client Component SSR]
    ./components/layout/header.tsx [Client Component SSR]
    ./components/layout/main-layout.tsx [Client Component SSR]
    ./components/layout/main-layout.tsx [Server Component]
    ./app/dashboard/layout.tsx [Server Component]


./components/modules/banking/widgets/money-flow-widget.tsx:23:1
Export useOrganizationBankingGroupedAccounts doesn't exist in target module
[0m [90m 21 |[39m [36mimport[39m { [33mButton[39m } [36mfrom[39m [32m'@/components/ui/button'[39m[33m;[39m
 [90m 22 |[39m [36mimport[39m { [33mCard[39m } [36mfrom[39m [32m'@/components/ui/card'[39m[33m;[39m
[31m[1m>[22m[39m[90m 23 |[39m [36mimport[39m { useOrganizationBankingTransactions[33m,[39m useOrganizationBankingGroupedAccounts } [36mfrom[39m [32m'@/lib/features/organization/queries'[39m[33m;[39m
 [90m    |[39m [31m[1m^[22m[39m[31m[1m^[22m[39m[31m[1m^[22m[39m[31m[1m^[22m[39m[31m[1m^[22m[39m[31m[1m^[22m[39m[31m[1m^[22m[39m[31m[1m^[22m[39m[31m[1m^[22m[39m[31m[1m^[22m[39m[31m[1m^[22m[39m[31m[1m^[22m[39m[31m[1m^[22m[39m[31m[1m^[22m[39m[31m[1m^[22m[39m[31m[1m^[22m[39m[31m[1m^[22m[39m[31m[1m^[22m[39m[31m[1m^[22m[39m[31m[1m^[22m[39m[31m[1m^[22m[39m[31m[1m^[22m[39m[31m[1m^[22m[39m[31m[1m^[22m[39m[31m[1m^[22m[39m[31m[1m^[22m[39m[31m[1m^[22m[39m[31m[1m^[22m[39m[31m[1m^[22m[39m[31m[1m^[22m[39m[31m[1m^[22m[39m[31m[1m^[22m[39m[31m[1m^[22m[39m[31m[1m^[22m[39m[31m[1m^[22m[39m[31m[1m^[22m[39m[31m[1m^[22m[39m[31m[1m^[22m[39m[31m[1m^[22m[39m[31m[1m^[22m[39m[31m[1m^[22m[39m[31m[1m^[22m[39m[31m[1m^[22m[39m[31m[1m^[22m[39m[31m[1m^[22m[39m[31m[1m^[22m[39m[31m[1m^[22m[39m[31m[1m^[22m[39m[31m[1m^[22m[39m[31m[1m^[22m[39m[31m[1m^[22m[39m[31m[1m^[22m[39m[31m[1m^[22m[39m[31m[1m^[22m[39m[31m[1m^[22m[39m[31m[1m^[22m[39m[31m[1m^[22m[39m[31m[1m^[22m[39m[31m[1m^[22m[39m[31m[1m^[22m[39m[31m[1m^[22m[39m[31m[1m^[22m[39m[31m[1m^[22m[39m[31m[1m^[22m[39m[31m[1m^[22m[39m[31m[1m^[22m[39m[31m[1m^[22m[39m[31m[1m^[22m[39m[31m[1m^[22m[39m[31m[1m^[22m[39m[31m[1m^[22m[39m[31m[1m^[22m[39m[31m[1m^[22m[39m[31m[1m^[22m[39m[31m[1m^[22m[39m[31m[1m^[22m[39m[31m[1m^[22m[39m[31m[1m^[22m[39m[31m[1m^[22m[39m[31m[1m^[22m[39m[31m[1m^[22m[39m[31m[1m^[22m[39m[31m[1m^[22m[39m[31m[1m^[22m[39m[31m[1m^[22m[39m[31m[1m^[22m[39m[31m[1m^[22m[39m[31m[1m^[22m[39m[31m[1m^[22m[39m[31m[1m^[22m[39m[31m[1m^[22m[39m[31m[1m^[22m[39m[31m[1m^[22m[39m[31m[1m^[22m[39m[31m[1m^[22m[39m[31m[1m^[22m[39m[31m[1m^[22m[39m[31m[1m^[22m[39m[31m[1m^[22m[39m[31m[1m^[22m[39m[31m[1m^[22m[39m[31m[1m^[22m[39m[31m[1m^[22m[39m[31m[1m^[22m[39m[31m[1m^[22m[39m[31m[1m^[22m[39m[31m[1m^[22m[39m[31m[1m^[22m[39m[31m[1m^[22m[39m[31m[1m^[22m[39m[31m[1m^[22m[39m[31m[1m^[22m[39m[31m[1m^[22m[39m[31m[1m^[22m[39m[31m[1m^[22m[39m[31m[1m^[22m[39m[31m[1m^[22m[39m[31m[1m^[22m[39m[31m[1m^[22m[39m[31m[1m^[22m[39m[31m[1m^[22m[39m[31m[1m^[22m[39m[31m[1m^[22m[39m[31m[1m^[22m[39m[31m[1m^[22m[39m[31m[1m^[22m[39m[31m[1m^[22m[39m[31m[1m^[22m[39m
 [90m 24 |[39m [36mimport[39m { useOrganizationCryptoWallets } [36mfrom[39m [32m'@/lib/features/organization/queries'[39m[33m;[39m
 [90m 25 |[39m [36mimport[39m { useSubscriptions } [36mfrom[39m [32m'@/lib/queries'[39m[33m;[39m
 [90m 26 |[39m [36mimport[39m { [33mRefetchLoadingOverlay[39m } [36mfrom[39m [32m'@/components/ui/refetch-loading-overlay'[39m[33m;[39m[0m

The export useOrganizationBankingGroupedAccounts was not found in module [project]/lib/features/organization/queries/index.ts [app-client] (ecmascript).
Did you mean to import useOrganizationBankingAccounts?
All exports of the module are statically known (It doesn't have dynamic exports). So it's known statically that the requested export doesn't exist.

Import traces:
  Client Component Browser:
    ./components/modules/banking/widgets/money-flow-widget.tsx [Client Component Browser]
    ./components/modules/banking/widgets/index.ts [Client Component Browser]
    ./app/dashboard/page.tsx [Client Component Browser]
    ./app/dashboard/page.tsx [Server Component]

  Client Component SSR:
    ./components/modules/banking/widgets/money-flow-widget.tsx [Client Component SSR]
    ./components/modules/banking/widgets/index.ts [Client Component SSR]
    ./app/dashboard/page.tsx [Client Component SSR]
    ./app/dashboard/page.tsx [Server Component]


./components/modules/banking/widgets/money-flow-widget.tsx:23:1
Export useOrganizationBankingGroupedAccounts doesn't exist in target module
[0m [90m 21 |[39m [36mimport[39m { [33mButton[39m } [36mfrom[39m [32m'@/components/ui/button'[39m[33m;[39m
 [90m 22 |[39m [36mimport[39m { [33mCard[39m } [36mfrom[39m [32m'@/components/ui/card'[39m[33m;[39m
[31m[1m>[22m[39m[90m 23 |[39m [36mimport[39m { useOrganizationBankingTransactions[33m,[39m useOrganizationBankingGroupedAccounts } [36mfrom[39m [32m'@/lib/features/organization/queries'[39m[33m;[39m
 [90m    |[39m [31m[1m^[22m[39m[31m[1m^[22m[39m[31m[1m^[22m[39m[31m[1m^[22m[39m[31m[1m^[22m[39m[31m[1m^[22m[39m[31m[1m^[22m[39m[31m[1m^[22m[39m[31m[1m^[22m[39m[31m[1m^[22m[39m[31m[1m^[22m[39m[31m[1m^[22m[39m[31m[1m^[22m[39m[31m[1m^[22m[39m[31m[1m^[22m[39m[31m[1m^[22m[39m[31m[1m^[22m[39m[31m[1m^[22m[39m[31m[1m^[22m[39m[31m[1m^[22m[39m[31m[1m^[22m[39m[31m[1m^[22m[39m[31m[1m^[22m[39m[31m[1m^[22m[39m[31m[1m^[22m[39m[31m[1m^[22m[39m[31m[1m^[22m[39m[31m[1m^[22m[39m[31m[1m^[22m[39m[31m[1m^[22m[39m[31m[1m^[22m[39m[31m[1m^[22m[39m[31m[1m^[22m[39m[31m[1m^[22m[39m[31m[1m^[22m[39m[31m[1m^[22m[39m[31m[1m^[22m[39m[31m[1m^[22m[39m[31m[1m^[22m[39m[31m[1m^[22m[39m[31m[1m^[22m[39m[31m[1m^[22m[39m[31m[1m^[22m[39m[31m[1m^[22m[39m[31m[1m^[22m[39m[31m[1m^[22m[39m[31m[1m^[22m[39m[31m[1m^[22m[39m[31m[1m^[22m[39m[31m[1m^[22m[39m[31m[1m^[22m[39m[31m[1m^[22m[39m[31m[1m^[22m[39m[31m[1m^[22m[39m[31m[1m^[22m[39m[31m[1m^[22m[39m[31m[1m^[22m[39m[31m[1m^[22m[39m[31m[1m^[22m[39m[31m[1m^[22m[39m[31m[1m^[22m[39m[31m[1m^[22m[39m[31m[1m^[22m[39m[31m[1m^[22m[39m[31m[1m^[22m[39m[31m[1m^[22m[39m[31m[1m^[22m[39m[31m[1m^[22m[39m[31m[1m^[22m[39m[31m[1m^[22m[39m[31m[1m^[22m[39m[31m[1m^[22m[39m[31m[1m^[22m[39m[31m[1m^[22m[39m[31m[1m^[22m[39m[31m[1m^[22m[39m[31m[1m^[22m[39m[31m[1m^[22m[39m[31m[1m^[22m[39m[31m[1m^[22m[39m[31m[1m^[22m[39m[31m[1m^[22m[39m[31m[1m^[22m[39m[31m[1m^[22m[39m[31m[1m^[22m[39m[31m[1m^[22m[39m[31m[1m^[22m[39m[31m[1m^[22m[39m[31m[1m^[22m[39m[31m[1m^[22m[39m[31m[1m^[22m[39m[31m[1m^[22m[39m[31m[1m^[22m[39m[31m[1m^[22m[39m[31m[1m^[22m[39m[31m[1m^[22m[39m[31m[1m^[22m[39m[31m[1m^[22m[39m[31m[1m^[22m[39m[31m[1m^[22m[39m[31m[1m^[22m[39m[31m[1m^[22m[39m[31m[1m^[22m[39m[31m[1m^[22m[39m[31m[1m^[22m[39m[31m[1m^[22m[39m[31m[1m^[22m[39m[31m[1m^[22m[39m[31m[1m^[22m[39m[31m[1m^[22m[39m[31m[1m^[22m[39m[31m[1m^[22m[39m[31m[1m^[22m[39m[31m[1m^[22m[39m[31m[1m^[22m[39m[31m[1m^[22m[39m[31m[1m^[22m[39m[31m[1m^[22m[39m[31m[1m^[22m[39m[31m[1m^[22m[39m[31m[1m^[22m[39m[31m[1m^[22m[39m[31m[1m^[22m[39m[31m[1m^[22m[39m[31m[1m^[22m[39m[31m[1m^[22m[39m[31m[1m^[22m[39m[31m[1m^[22m[39m
 [90m 24 |[39m [36mimport[39m { useOrganizationCryptoWallets } [36mfrom[39m [32m'@/lib/features/organization/queries'[39m[33m;[39m
 [90m 25 |[39m [36mimport[39m { useSubscriptions } [36mfrom[39m [32m'@/lib/queries'[39m[33m;[39m
 [90m 26 |[39m [36mimport[39m { [33mRefetchLoadingOverlay[39m } [36mfrom[39m [32m'@/components/ui/refetch-loading-overlay'[39m[33m;[39m[0m

The export useOrganizationBankingGroupedAccounts was not found in module [project]/lib/features/organization/queries/index.ts [app-ssr] (ecmascript).
Did you mean to import useOrganizationBankingAccounts?
All exports of the module are statically known (It doesn't have dynamic exports). So it's known statically that the requested export doesn't exist.

Import traces:
  Client Component Browser:
    ./components/modules/banking/widgets/money-flow-widget.tsx [Client Component Browser]
    ./components/modules/banking/widgets/index.ts [Client Component Browser]
    ./app/dashboard/page.tsx [Client Component Browser]
    ./app/dashboard/page.tsx [Server Component]

  Client Component SSR:
    ./components/modules/banking/widgets/money-flow-widget.tsx [Client Component SSR]
    ./components/modules/banking/widgets/index.ts [Client Component SSR]
    ./app/dashboard/page.tsx [Client Component SSR]
    ./app/dashboard/page.tsx [Server Component]


./components/modules/banking/widgets/money-flow-widget.tsx:23:1
Export useOrganizationBankingTransactions doesn't exist in target module
[0m [90m 21 |[39m [36mimport[39m { [33mButton[39m } [36mfrom[39m [32m'@/components/ui/button'[39m[33m;[39m
 [90m 22 |[39m [36mimport[39m { [33mCard[39m } [36mfrom[39m [32m'@/components/ui/card'[39m[33m;[39m
[31m[1m>[22m[39m[90m 23 |[39m [36mimport[39m { useOrganizationBankingTransactions[33m,[39m useOrganizationBankingGroupedAccounts } [36mfrom[39m [32m'@/lib/features/organization/queries'[39m[33m;[39m
 [90m    |[39m [31m[1m^[22m[39m[31m[1m^[22m[39m[31m[1m^[22m[39m[31m[1m^[22m[39m[31m[1m^[22m[39m[31m[1m^[22m[39m[31m[1m^[22m[39m[31m[1m^[22m[39m[31m[1m^[22m[39m[31m[1m^[22m[39m[31m[1m^[22m[39m[31m[1m^[22m[39m[31m[1m^[22m[39m[31m[1m^[22m[39m[31m[1m^[22m[39m[31m[1m^[22m[39m[31m[1m^[22m[39m[31m[1m^[22m[39m[31m[1m^[22m[39m[31m[1m^[22m[39m[31m[1m^[22m[39m[31m[1m^[22m[39m[31m[1m^[22m[39m[31m[1m^[22m[39m[31m[1m^[22m[39m[31m[1m^[22m[39m[31m[1m^[22m[39m[31m[1m^[22m[39m[31m[1m^[22m[39m[31m[1m^[22m[39m[31m[1m^[22m[39m[31m[1m^[22m[39m[31m[1m^[22m[39m[31m[1m^[22m[39m[31m[1m^[22m[39m[31m[1m^[22m[39m[31m[1m^[22m[39m[31m[1m^[22m[39m[31m[1m^[22m[39m[31m[1m^[22m[39m[31m[1m^[22m[39m[31m[1m^[22m[39m[31m[1m^[22m[39m[31m[1m^[22m[39m[31m[1m^[22m[39m[31m[1m^[22m[39m[31m[1m^[22m[39m[31m[1m^[22m[39m[31m[1m^[22m[39m[31m[1m^[22m[39m[31m[1m^[22m[39m[31m[1m^[22m[39m[31m[1m^[22m[39m[31m[1m^[22m[39m[31m[1m^[22m[39m[31m[1m^[22m[39m[31m[1m^[22m[39m[31m[1m^[22m[39m[31m[1m^[22m[39m[31m[1m^[22m[39m[31m[1m^[22m[39m[31m[1m^[22m[39m[31m[1m^[22m[39m[31m[1m^[22m[39m[31m[1m^[22m[39m[31m[1m^[22m[39m[31m[1m^[22m[39m[31m[1m^[22m[39m[31m[1m^[22m[39m[31m[1m^[22m[39m[31m[1m^[22m[39m[31m[1m^[22m[39m[31m[1m^[22m[39m[31m[1m^[22m[39m[31m[1m^[22m[39m[31m[1m^[22m[39m[31m[1m^[22m[39m[31m[1m^[22m[39m[31m[1m^[22m[39m[31m[1m^[22m[39m[31m[1m^[22m[39m[31m[1m^[22m[39m[31m[1m^[22m[39m[31m[1m^[22m[39m[31m[1m^[22m[39m[31m[1m^[22m[39m[31m[1m^[22m[39m[31m[1m^[22m[39m[31m[1m^[22m[39m[31m[1m^[22m[39m[31m[1m^[22m[39m[31m[1m^[22m[39m[31m[1m^[22m[39m[31m[1m^[22m[39m[31m[1m^[22m[39m[31m[1m^[22m[39m[31m[1m^[22m[39m[31m[1m^[22m[39m[31m[1m^[22m[39m[31m[1m^[22m[39m[31m[1m^[22m[39m[31m[1m^[22m[39m[31m[1m^[22m[39m[31m[1m^[22m[39m[31m[1m^[22m[39m[31m[1m^[22m[39m[31m[1m^[22m[39m[31m[1m^[22m[39m[31m[1m^[22m[39m[31m[1m^[22m[39m[31m[1m^[22m[39m[31m[1m^[22m[39m[31m[1m^[22m[39m[31m[1m^[22m[39m[31m[1m^[22m[39m[31m[1m^[22m[39m[31m[1m^[22m[39m[31m[1m^[22m[39m[31m[1m^[22m[39m[31m[1m^[22m[39m[31m[1m^[22m[39m[31m[1m^[22m[39m[31m[1m^[22m[39m[31m[1m^[22m[39m[31m[1m^[22m[39m[31m[1m^[22m[39m[31m[1m^[22m[39m[31m[1m^[22m[39m
 [90m 24 |[39m [36mimport[39m { useOrganizationCryptoWallets } [36mfrom[39m [32m'@/lib/features/organization/queries'[39m[33m;[39m
 [90m 25 |[39m [36mimport[39m { useSubscriptions } [36mfrom[39m [32m'@/lib/queries'[39m[33m;[39m
 [90m 26 |[39m [36mimport[39m { [33mRefetchLoadingOverlay[39m } [36mfrom[39m [32m'@/components/ui/refetch-loading-overlay'[39m[33m;[39m[0m

The export useOrganizationBankingTransactions was not found in module [project]/lib/features/organization/queries/index.ts [app-client] (ecmascript).
Did you mean to import useOrganizationBankingAccounts?
All exports of the module are statically known (It doesn't have dynamic exports). So it's known statically that the requested export doesn't exist.

Import traces:
  Client Component Browser:
    ./components/modules/banking/widgets/money-flow-widget.tsx [Client Component Browser]
    ./components/modules/banking/widgets/index.ts [Client Component Browser]
    ./app/dashboard/page.tsx [Client Component Browser]
    ./app/dashboard/page.tsx [Server Component]

  Client Component SSR:
    ./components/modules/banking/widgets/money-flow-widget.tsx [Client Component SSR]
    ./components/modules/banking/widgets/index.ts [Client Component SSR]
    ./app/dashboard/page.tsx [Client Component SSR]
    ./app/dashboard/page.tsx [Server Component]


./components/modules/banking/widgets/money-flow-widget.tsx:23:1
Export useOrganizationBankingTransactions doesn't exist in target module
[0m [90m 21 |[39m [36mimport[39m { [33mButton[39m } [36mfrom[39m [32m'@/components/ui/button'[39m[33m;[39m
 [90m 22 |[39m [36mimport[39m { [33mCard[39m } [36mfrom[39m [32m'@/components/ui/card'[39m[33m;[39m
[31m[1m>[22m[39m[90m 23 |[39m [36mimport[39m { useOrganizationBankingTransactions[33m,[39m useOrganizationBankingGroupedAccounts } [36mfrom[39m [32m'@/lib/features/organization/queries'[39m[33m;[39m
 [90m    |[39m [31m[1m^[22m[39m[31m[1m^[22m[39m[31m[1m^[22m[39m[31m[1m^[22m[39m[31m[1m^[22m[39m[31m[1m^[22m[39m[31m[1m^[22m[39m[31m[1m^[22m[39m[31m[1m^[22m[39m[31m[1m^[22m[39m[31m[1m^[22m[39m[31m[1m^[22m[39m[31m[1m^[22m[39m[31m[1m^[22m[39m[31m[1m^[22m[39m[31m[1m^[22m[39m[31m[1m^[22m[39m[31m[1m^[22m[39m[31m[1m^[22m[39m[31m[1m^[22m[39m[31m[1m^[22m[39m[31m[1m^[22m[39m[31m[1m^[22m[39m[31m[1m^[22m[39m[31m[1m^[22m[39m[31m[1m^[22m[39m[31m[1m^[22m[39m[31m[1m^[22m[39m[31m[1m^[22m[39m[31m[1m^[22m[39m[31m[1m^[22m[39m[31m[1m^[22m[39m[31m[1m^[22m[39m[31m[1m^[22m[39m[31m[1m^[22m[39m[31m[1m^[22m[39m[31m[1m^[22m[39m[31m[1m^[22m[39m[31m[1m^[22m[39m[31m[1m^[22m[39m[31m[1m^[22m[39m[31m[1m^[22m[39m[31m[1m^[22m[39m[31m[1m^[22m[39m[31m[1m^[22m[39m[31m[1m^[22m[39m[31m[1m^[22m[39m[31m[1m^[22m[39m[31m[1m^[22m[39m[31m[1m^[22m[39m[31m[1m^[22m[39m[31m[1m^[22m[39m[31m[1m^[22m[39m[31m[1m^[22m[39m[31m[1m^[22m[39m[31m[1m^[22m[39m[31m[1m^[22m[39m[31m[1m^[22m[39m[31m[1m^[22m[39m[31m[1m^[22m[39m[31m[1m^[22m[39m[31m[1m^[22m[39m[31m[1m^[22m[39m[31m[1m^[22m[39m[31m[1m^[22m[39m[31m[1m^[22m[39m[31m[1m^[22m[39m[31m[1m^[22m[39m[31m[1m^[22m[39m[31m[1m^[22m[39m[31m[1m^[22m[39m[31m[1m^[22m[39m[31m[1m^[22m[39m[31m[1m^[22m[39m[31m[1m^[22m[39m[31m[1m^[22m[39m[31m[1m^[22m[39m[31m[1m^[22m[39m[31m[1m^[22m[39m[31m[1m^[22m[39m[31m[1m^[22m[39m[31m[1m^[22m[39m[31m[1m^[22m[39m[31m[1m^[22m[39m[31m[1m^[22m[39m[31m[1m^[22m[39m[31m[1m^[22m[39m[31m[1m^[22m[39m[31m[1m^[22m[39m[31m[1m^[22m[39m[31m[1m^[22m[39m[31m[1m^[22m[39m[31m[1m^[22m[39m[31m[1m^[22m[39m[31m[1m^[22m[39m[31m[1m^[22m[39m[31m[1m^[22m[39m[31m[1m^[22m[39m[31m[1m^[22m[39m[31m[1m^[22m[39m[31m[1m^[22m[39m[31m[1m^[22m[39m[31m[1m^[22m[39m[31m[1m^[22m[39m[31m[1m^[22m[39m[31m[1m^[22m[39m[31m[1m^[22m[39m[31m[1m^[22m[39m[31m[1m^[22m[39m[31m[1m^[22m[39m[31m[1m^[22m[39m[31m[1m^[22m[39m[31m[1m^[22m[39m[31m[1m^[22m[39m[31m[1m^[22m[39m[31m[1m^[22m[39m[31m[1m^[22m[39m[31m[1m^[22m[39m[31m[1m^[22m[39m[31m[1m^[22m[39m[31m[1m^[22m[39m[31m[1m^[22m[39m[31m[1m^[22m[39m[31m[1m^[22m[39m[31m[1m^[22m[39m[31m[1m^[22m[39m[31m[1m^[22m[39m[31m[1m^[22m[39m
 [90m 24 |[39m [36mimport[39m { useOrganizationCryptoWallets } [36mfrom[39m [32m'@/lib/features/organization/queries'[39m[33m;[39m
 [90m 25 |[39m [36mimport[39m { useSubscriptions } [36mfrom[39m [32m'@/lib/queries'[39m[33m;[39m
 [90m 26 |[39m [36mimport[39m { [33mRefetchLoadingOverlay[39m } [36mfrom[39m [32m'@/components/ui/refetch-loading-overlay'[39m[33m;[39m[0m

The export useOrganizationBankingTransactions was not found in module [project]/lib/features/organization/queries/index.ts [app-ssr] (ecmascript).
Did you mean to import useOrganizationBankingAccounts?
All exports of the module are statically known (It doesn't have dynamic exports). So it's known statically that the requested export doesn't exist.

Import traces:
  Client Component Browser:
    ./components/modules/banking/widgets/money-flow-widget.tsx [Client Component Browser]
    ./components/modules/banking/widgets/index.ts [Client Component Browser]
    ./app/dashboard/page.tsx [Client Component Browser]
    ./app/dashboard/page.tsx [Server Component]

  Client Component SSR:
    ./components/modules/banking/widgets/money-flow-widget.tsx [Client Component SSR]
    ./components/modules/banking/widgets/index.ts [Client Component SSR]
    ./app/dashboard/page.tsx [Client Component SSR]
    ./app/dashboard/page.tsx [Server Component]


./app/(protected)/accounts/wallet/add/page.tsx:34:1
Export useOrganizationCreateCryptoWallet doesn't exist in target module
[0m [90m 32 |[39m [36mimport[39m posthog [36mfrom[39m [32m'posthog-js'[39m[33m;[39m
 [90m 33 |[39m
[31m[1m>[22m[39m[90m 34 |[39m [36mimport[39m { useOrganizationCreateCryptoWallet } [36mfrom[39m [32m'@/lib/features/organization/queries'[39m[33m;[39m
 [90m    |[39m [31m[1m^[22m[39m[31m[1m^[22m[39m[31m[1m^[22m[39m[31m[1m^[22m[39m[31m[1m^[22m[39m[31m[1m^[22m[39m[31m[1m^[22m[39m[31m[1m^[22m[39m[31m[1m^[22m[39m[31m[1m^[22m[39m[31m[1m^[22m[39m[31m[1m^[22m[39m[31m[1m^[22m[39m[31m[1m^[22m[39m[31m[1m^[22m[39m[31m[1m^[22m[39m[31m[1m^[22m[39m[31m[1m^[22m[39m[31m[1m^[22m[39m[31m[1m^[22m[39m[31m[1m^[22m[39m[31m[1m^[22m[39m[31m[1m^[22m[39m[31m[1m^[22m[39m[31m[1m^[22m[39m[31m[1m^[22m[39m[31m[1m^[22m[39m[31m[1m^[22m[39m[31m[1m^[22m[39m[31m[1m^[22m[39m[31m[1m^[22m[39m[31m[1m^[22m[39m[31m[1m^[22m[39m[31m[1m^[22m[39m[31m[1m^[22m[39m[31m[1m^[22m[39m[31m[1m^[22m[39m[31m[1m^[22m[39m[31m[1m^[22m[39m[31m[1m^[22m[39m[31m[1m^[22m[39m[31m[1m^[22m[39m[31m[1m^[22m[39m[31m[1m^[22m[39m[31m[1m^[22m[39m[31m[1m^[22m[39m[31m[1m^[22m[39m[31m[1m^[22m[39m[31m[1m^[22m[39m[31m[1m^[22m[39m[31m[1m^[22m[39m[31m[1m^[22m[39m[31m[1m^[22m[39m[31m[1m^[22m[39m[31m[1m^[22m[39m[31m[1m^[22m[39m[31m[1m^[22m[39m[31m[1m^[22m[39m[31m[1m^[22m[39m[31m[1m^[22m[39m[31m[1m^[22m[39m[31m[1m^[22m[39m[31m[1m^[22m[39m[31m[1m^[22m[39m[31m[1m^[22m[39m[31m[1m^[22m[39m[31m[1m^[22m[39m[31m[1m^[22m[39m[31m[1m^[22m[39m[31m[1m^[22m[39m[31m[1m^[22m[39m[31m[1m^[22m[39m[31m[1m^[22m[39m[31m[1m^[22m[39m[31m[1m^[22m[39m[31m[1m^[22m[39m[31m[1m^[22m[39m[31m[1m^[22m[39m[31m[1m^[22m[39m[31m[1m^[22m[39m[31m[1m^[22m[39m[31m[1m^[22m[39m[31m[1m^[22m[39m[31m[1m^[22m[39m[31m[1m^[22m[39m[31m[1m^[22m[39m[31m[1m^[22m[39m[31m[1m^[22m[39m
 [90m 35 |[39m [36mimport[39m type { [33mWalletType[39m[33m,[39m [33mNetworkType[39m } [36mfrom[39m [32m'@/lib/types/crypto'[39m[33m;[39m
 [90m 36 |[39m [36mimport[39m [33mReact[39m [36mfrom[39m [32m'react'[39m[33m;[39m
 [90m 37 |[39m [36mimport[39m { [33mZERION_CHAINS[39m } [36mfrom[39m [32m'@/lib/constants/chains'[39m[33m;[39m[0m

The export useOrganizationCreateCryptoWallet was not found in module [project]/lib/features/organization/queries/index.ts [app-client] (ecmascript).
Did you mean to import useOrganizationCryptoWallet?
All exports of the module are statically known (It doesn't have dynamic exports). So it's known statically that the requested export doesn't exist.

Import traces:
  Client Component Browser:
    ./app/(protected)/accounts/wallet/add/page.tsx [Client Component Browser]
    ./app/(protected)/accounts/wallet/add/page.tsx [Server Component]

  Client Component SSR:
    ./app/(protected)/accounts/wallet/add/page.tsx [Client Component SSR]
    ./app/(protected)/accounts/wallet/add/page.tsx [Server Component]


./app/(protected)/accounts/wallet/add/page.tsx:34:1
Export useOrganizationCreateCryptoWallet doesn't exist in target module
[0m [90m 32 |[39m [36mimport[39m posthog [36mfrom[39m [32m'posthog-js'[39m[33m;[39m
 [90m 33 |[39m
[31m[1m>[22m[39m[90m 34 |[39m [36mimport[39m { useOrganizationCreateCryptoWallet } [36mfrom[39m [32m'@/lib/features/organization/queries'[39m[33m;[39m
 [90m    |[39m [31m[1m^[22m[39m[31m[1m^[22m[39m[31m[1m^[22m[39m[31m[1m^[22m[39m[31m[1m^[22m[39m[31m[1m^[22m[39m[31m[1m^[22m[39m[31m[1m^[22m[39m[31m[1m^[22m[39m[31m[1m^[22m[39m[31m[1m^[22m[39m[31m[1m^[22m[39m[31m[1m^[22m[39m[31m[1m^[22m[39m[31m[1m^[22m[39m[31m[1m^[22m[39m[31m[1m^[22m[39m[31m[1m^[22m[39m[31m[1m^[22m[39m[31m[1m^[22m[39m[31m[1m^[22m[39m[31m[1m^[22m[39m[31m[1m^[22m[39m[31m[1m^[22m[39m[31m[1m^[22m[39m[31m[1m^[22m[39m[31m[1m^[22m[39m[31m[1m^[22m[39m[31m[1m^[22m[39m[31m[1m^[22m[39m[31m[1m^[22m[39m[31m[1m^[22m[39m[31m[1m^[22m[39m[31m[1m^[22m[39m[31m[1m^[22m[39m[31m[1m^[22m[39m[31m[1m^[22m[39m[31m[1m^[22m[39m[31m[1m^[22m[39m[31m[1m^[22m[39m[31m[1m^[22m[39m[31m[1m^[22m[39m[31m[1m^[22m[39m[31m[1m^[22m[39m[31m[1m^[22m[39m[31m[1m^[22m[39m[31m[1m^[22m[39m[31m[1m^[22m[39m[31m[1m^[22m[39m[31m[1m^[22m[39m[31m[1m^[22m[39m[31m[1m^[22m[39m[31m[1m^[22m[39m[31m[1m^[22m[39m[31m[1m^[22m[39m[31m[1m^[22m[39m[31m[1m^[22m[39m[31m[1m^[22m[39m[31m[1m^[22m[39m[31m[1m^[22m[39m[31m[1m^[22m[39m[31m[1m^[22m[39m[31m[1m^[22m[39m[31m[1m^[22m[39m[31m[1m^[22m[39m[31m[1m^[22m[39m[31m[1m^[22m[39m[31m[1m^[22m[39m[31m[1m^[22m[39m[31m[1m^[22m[39m[31m[1m^[22m[39m[31m[1m^[22m[39m[31m[1m^[22m[39m[31m[1m^[22m[39m[31m[1m^[22m[39m[31m[1m^[22m[39m[31m[1m^[22m[39m[31m[1m^[22m[39m[31m[1m^[22m[39m[31m[1m^[22m[39m[31m[1m^[22m[39m[31m[1m^[22m[39m[31m[1m^[22m[39m[31m[1m^[22m[39m[31m[1m^[22m[39m[31m[1m^[22m[39m[31m[1m^[22m[39m[31m[1m^[22m[39m
 [90m 35 |[39m [36mimport[39m type { [33mWalletType[39m[33m,[39m [33mNetworkType[39m } [36mfrom[39m [32m'@/lib/types/crypto'[39m[33m;[39m
 [90m 36 |[39m [36mimport[39m [33mReact[39m [36mfrom[39m [32m'react'[39m[33m;[39m
 [90m 37 |[39m [36mimport[39m { [33mZERION_CHAINS[39m } [36mfrom[39m [32m'@/lib/constants/chains'[39m[33m;[39m[0m

The export useOrganizationCreateCryptoWallet was not found in module [project]/lib/features/organization/queries/index.ts [app-ssr] (ecmascript).
Did you mean to import useOrganizationCryptoWallet?
All exports of the module are statically known (It doesn't have dynamic exports). So it's known statically that the requested export doesn't exist.

Import traces:
  Client Component Browser:
    ./app/(protected)/accounts/wallet/add/page.tsx [Client Component Browser]
    ./app/(protected)/accounts/wallet/add/page.tsx [Server Component]

  Client Component SSR:
    ./app/(protected)/accounts/wallet/add/page.tsx [Client Component SSR]
    ./app/(protected)/accounts/wallet/add/page.tsx [Server Component]


./app/(protected)/accounts/wallet/manage/page.tsx:36:1
Export useOrganizationDeleteCryptoWallet doesn't exist in target module
[0m [90m 34 |[39m
 [90m 35 |[39m [90m// Import TanStack Query hooks and UI store[39m
[31m[1m>[22m[39m[90m 36 |[39m [36mimport[39m {
 [90m    |[39m [31m[1m^[22m[39m[31m[1m^[22m[39m[31m[1m^[22m[39m[31m[1m^[22m[39m[31m[1m^[22m[39m[31m[1m^[22m[39m[31m[1m^[22m[39m[31m[1m^[22m[39m
[31m[1m>[22m[39m[90m 37 |[39m   useOrganizationCryptoWallets[33m,[39m
 [90m    |[39m [31m[1m^[22m[39m[31m[1m^[22m[39m[31m[1m^[22m[39m[31m[1m^[22m[39m[31m[1m^[22m[39m[31m[1m^[22m[39m[31m[1m^[22m[39m[31m[1m^[22m[39m[31m[1m^[22m[39m[31m[1m^[22m[39m[31m[1m^[22m[39m[31m[1m^[22m[39m[31m[1m^[22m[39m[31m[1m^[22m[39m[31m[1m^[22m[39m[31m[1m^[22m[39m[31m[1m^[22m[39m[31m[1m^[22m[39m[31m[1m^[22m[39m[31m[1m^[22m[39m[31m[1m^[22m[39m[31m[1m^[22m[39m[31m[1m^[22m[39m[31m[1m^[22m[39m[31m[1m^[22m[39m[31m[1m^[22m[39m[31m[1m^[22m[39m[31m[1m^[22m[39m[31m[1m^[22m[39m[31m[1m^[22m[39m[31m[1m^[22m[39m
[31m[1m>[22m[39m[90m 38 |[39m   useOrganizationDeleteCryptoWallet[33m,[39m
 [90m    |[39m [31m[1m^[22m[39m[31m[1m^[22m[39m[31m[1m^[22m[39m[31m[1m^[22m[39m[31m[1m^[22m[39m[31m[1m^[22m[39m[31m[1m^[22m[39m[31m[1m^[22m[39m[31m[1m^[22m[39m[31m[1m^[22m[39m[31m[1m^[22m[39m[31m[1m^[22m[39m[31m[1m^[22m[39m[31m[1m^[22m[39m[31m[1m^[22m[39m[31m[1m^[22m[39m[31m[1m^[22m[39m[31m[1m^[22m[39m[31m[1m^[22m[39m[31m[1m^[22m[39m[31m[1m^[22m[39m[31m[1m^[22m[39m[31m[1m^[22m[39m[31m[1m^[22m[39m[31m[1m^[22m[39m[31m[1m^[22m[39m[31m[1m^[22m[39m[31m[1m^[22m[39m[31m[1m^[22m[39m[31m[1m^[22m[39m[31m[1m^[22m[39m
[31m[1m>[22m[39m[90m 39 |[39m   useOrganizationSyncCryptoWallet[33m,[39m
 [90m    |[39m [31m[1m^[22m[39m[31m[1m^[22m[39m[31m[1m^[22m[39m[31m[1m^[22m[39m[31m[1m^[22m[39m[31m[1m^[22m[39m[31m[1m^[22m[39m[31m[1m^[22m[39m[31m[1m^[22m[39m[31m[1m^[22m[39m[31m[1m^[22m[39m[31m[1m^[22m[39m[31m[1m^[22m[39m[31m[1m^[22m[39m[31m[1m^[22m[39m[31m[1m^[22m[39m[31m[1m^[22m[39m[31m[1m^[22m[39m[31m[1m^[22m[39m[31m[1m^[22m[39m[31m[1m^[22m[39m[31m[1m^[22m[39m[31m[1m^[22m[39m[31m[1m^[22m[39m[31m[1m^[22m[39m[31m[1m^[22m[39m[31m[1m^[22m[39m[31m[1m^[22m[39m[31m[1m^[22m[39m[31m[1m^[22m[39m[31m[1m^[22m[39m
[31m[1m>[22m[39m[90m 40 |[39m } [36mfrom[39m [32m'@/lib/features/organization/queries'[39m[33m;[39m
 [90m    |[39m [31m[1m^[22m[39m[31m[1m^[22m[39m[31m[1m^[22m[39m[31m[1m^[22m[39m[31m[1m^[22m[39m[31m[1m^[22m[39m[31m[1m^[22m[39m[31m[1m^[22m[39m[31m[1m^[22m[39m[31m[1m^[22m[39m[31m[1m^[22m[39m[31m[1m^[22m[39m[31m[1m^[22m[39m[31m[1m^[22m[39m[31m[1m^[22m[39m[31m[1m^[22m[39m[31m[1m^[22m[39m[31m[1m^[22m[39m[31m[1m^[22m[39m[31m[1m^[22m[39m[31m[1m^[22m[39m[31m[1m^[22m[39m[31m[1m^[22m[39m[31m[1m^[22m[39m[31m[1m^[22m[39m[31m[1m^[22m[39m[31m[1m^[22m[39m[31m[1m^[22m[39m[31m[1m^[22m[39m[31m[1m^[22m[39m[31m[1m^[22m[39m[31m[1m^[22m[39m[31m[1m^[22m[39m[31m[1m^[22m[39m[31m[1m^[22m[39m[31m[1m^[22m[39m[31m[1m^[22m[39m[31m[1m^[22m[39m[31m[1m^[22m[39m[31m[1m^[22m[39m[31m[1m^[22m[39m[31m[1m^[22m[39m[31m[1m^[22m[39m[31m[1m^[22m[39m[31m[1m^[22m[39m[31m[1m^[22m[39m
 [90m 41 |[39m [36mimport[39m { useSyncAllCryptoWallets } [36mfrom[39m [32m'@/lib/features/crypto/queries'[39m[33m;[39m
 [90m 42 |[39m [36mimport[39m { useCryptoUIStore } [36mfrom[39m [32m'@/lib/features/crypto/stores'[39m[33m;[39m
 [90m 43 |[39m [36mimport[39m { useCryptoStore } [36mfrom[39m [32m'@/lib/features/crypto/stores'[39m[33m;[39m[0m

The export useOrganizationDeleteCryptoWallet was not found in module [project]/lib/features/organization/queries/index.ts [app-client] (ecmascript).
Did you mean to import useOrganizationCryptoWallet?
All exports of the module are statically known (It doesn't have dynamic exports). So it's known statically that the requested export doesn't exist.

Import traces:
  Client Component Browser:
    ./app/(protected)/accounts/wallet/manage/page.tsx [Client Component Browser]
    ./app/(protected)/accounts/wallet/manage/page.tsx [Server Component]

  Client Component SSR:
    ./app/(protected)/accounts/wallet/manage/page.tsx [Client Component SSR]
    ./app/(protected)/accounts/wallet/manage/page.tsx [Server Component]


./app/(protected)/accounts/wallet/manage/page.tsx:36:1
Export useOrganizationDeleteCryptoWallet doesn't exist in target module
[0m [90m 34 |[39m
 [90m 35 |[39m [90m// Import TanStack Query hooks and UI store[39m
[31m[1m>[22m[39m[90m 36 |[39m [36mimport[39m {
 [90m    |[39m [31m[1m^[22m[39m[31m[1m^[22m[39m[31m[1m^[22m[39m[31m[1m^[22m[39m[31m[1m^[22m[39m[31m[1m^[22m[39m[31m[1m^[22m[39m[31m[1m^[22m[39m
[31m[1m>[22m[39m[90m 37 |[39m   useOrganizationCryptoWallets[33m,[39m
 [90m    |[39m [31m[1m^[22m[39m[31m[1m^[22m[39m[31m[1m^[22m[39m[31m[1m^[22m[39m[31m[1m^[22m[39m[31m[1m^[22m[39m[31m[1m^[22m[39m[31m[1m^[22m[39m[31m[1m^[22m[39m[31m[1m^[22m[39m[31m[1m^[22m[39m[31m[1m^[22m[39m[31m[1m^[22m[39m[31m[1m^[22m[39m[31m[1m^[22m[39m[31m[1m^[22m[39m[31m[1m^[22m[39m[31m[1m^[22m[39m[31m[1m^[22m[39m[31m[1m^[22m[39m[31m[1m^[22m[39m[31m[1m^[22m[39m[31m[1m^[22m[39m[31m[1m^[22m[39m[31m[1m^[22m[39m[31m[1m^[22m[39m[31m[1m^[22m[39m[31m[1m^[22m[39m[31m[1m^[22m[39m[31m[1m^[22m[39m[31m[1m^[22m[39m
[31m[1m>[22m[39m[90m 38 |[39m   useOrganizationDeleteCryptoWallet[33m,[39m
 [90m    |[39m [31m[1m^[22m[39m[31m[1m^[22m[39m[31m[1m^[22m[39m[31m[1m^[22m[39m[31m[1m^[22m[39m[31m[1m^[22m[39m[31m[1m^[22m[39m[31m[1m^[22m[39m[31m[1m^[22m[39m[31m[1m^[22m[39m[31m[1m^[22m[39m[31m[1m^[22m[39m[31m[1m^[22m[39m[31m[1m^[22m[39m[31m[1m^[22m[39m[31m[1m^[22m[39m[31m[1m^[22m[39m[31m[1m^[22m[39m[31m[1m^[22m[39m[31m[1m^[22m[39m[31m[1m^[22m[39m[31m[1m^[22m[39m[31m[1m^[22m[39m[31m[1m^[22m[39m[31m[1m^[22m[39m[31m[1m^[22m[39m[31m[1m^[22m[39m[31m[1m^[22m[39m[31m[1m^[22m[39m[31m[1m^[22m[39m[31m[1m^[22m[39m
[31m[1m>[22m[39m[90m 39 |[39m   useOrganizationSyncCryptoWallet[33m,[39m
 [90m    |[39m [31m[1m^[22m[39m[31m[1m^[22m[39m[31m[1m^[22m[39m[31m[1m^[22m[39m[31m[1m^[22m[39m[31m[1m^[22m[39m[31m[1m^[22m[39m[31m[1m^[22m[39m[31m[1m^[22m[39m[31m[1m^[22m[39m[31m[1m^[22m[39m[31m[1m^[22m[39m[31m[1m^[22m[39m[31m[1m^[22m[39m[31m[1m^[22m[39m[31m[1m^[22m[39m[31m[1m^[22m[39m[31m[1m^[22m[39m[31m[1m^[22m[39m[31m[1m^[22m[39m[31m[1m^[22m[39m[31m[1m^[22m[39m[31m[1m^[22m[39m[31m[1m^[22m[39m[31m[1m^[22m[39m[31m[1m^[22m[39m[31m[1m^[22m[39m[31m[1m^[22m[39m[31m[1m^[22m[39m[31m[1m^[22m[39m[31m[1m^[22m[39m
[31m[1m>[22m[39m[90m 40 |[39m } [36mfrom[39m [32m'@/lib/features/organization/queries'[39m[33m;[39m
 [90m    |[39m [31m[1m^[22m[39m[31m[1m^[22m[39m[31m[1m^[22m[39m[31m[1m^[22m[39m[31m[1m^[22m[39m[31m[1m^[22m[39m[31m[1m^[22m[39m[31m[1m^[22m[39m[31m[1m^[22m[39m[31m[1m^[22m[39m[31m[1m^[22m[39m[31m[1m^[22m[39m[31m[1m^[22m[39m[31m[1m^[22m[39m[31m[1m^[22m[39m[31m[1m^[22m[39m[31m[1m^[22m[39m[31m[1m^[22m[39m[31m[1m^[22m[39m[31m[1m^[22m[39m[31m[1m^[22m[39m[31m[1m^[22m[39m[31m[1m^[22m[39m[31m[1m^[22m[39m[31m[1m^[22m[39m[31m[1m^[22m[39m[31m[1m^[22m[39m[31m[1m^[22m[39m[31m[1m^[22m[39m[31m[1m^[22m[39m[31m[1m^[22m[39m[31m[1m^[22m[39m[31m[1m^[22m[39m[31m[1m^[22m[39m[31m[1m^[22m[39m[31m[1m^[22m[39m[31m[1m^[22m[39m[31m[1m^[22m[39m[31m[1m^[22m[39m[31m[1m^[22m[39m[31m[1m^[22m[39m[31m[1m^[22m[39m[31m[1m^[22m[39m[31m[1m^[22m[39m[31m[1m^[22m[39m[31m[1m^[22m[39m
 [90m 41 |[39m [36mimport[39m { useSyncAllCryptoWallets } [36mfrom[39m [32m'@/lib/features/crypto/queries'[39m[33m;[39m
 [90m 42 |[39m [36mimport[39m { useCryptoUIStore } [36mfrom[39m [32m'@/lib/features/crypto/stores'[39m[33m;[39m
 [90m 43 |[39m [36mimport[39m { useCryptoStore } [36mfrom[39m [32m'@/lib/features/crypto/stores'[39m[33m;[39m[0m

The export useOrganizationDeleteCryptoWallet was not found in module [project]/lib/features/organization/queries/index.ts [app-ssr] (ecmascript).
Did you mean to import useOrganizationCryptoWallet?
All exports of the module are statically known (It doesn't have dynamic exports). So it's known statically that the requested export doesn't exist.

Import traces:
  Client Component Browser:
    ./app/(protected)/accounts/wallet/manage/page.tsx [Client Component Browser]
    ./app/(protected)/accounts/wallet/manage/page.tsx [Server Component]

  Client Component SSR:
    ./app/(protected)/accounts/wallet/manage/page.tsx [Client Component SSR]
    ./app/(protected)/accounts/wallet/manage/page.tsx [Server Component]


./components/modules/organization/components/members-management.tsx:25:1
Export useRevokeInvitation doesn't exist in target module
[0m [90m 23 |[39m   [33mX[39m[33m,[39m
 [90m 24 |[39m } [36mfrom[39m [32m'lucide-react'[39m[33m;[39m
[31m[1m>[22m[39m[90m 25 |[39m [36mimport[39m {
 [90m    |[39m [31m[1m^[22m[39m[31m[1m^[22m[39m[31m[1m^[22m[39m[31m[1m^[22m[39m[31m[1m^[22m[39m[31m[1m^[22m[39m[31m[1m^[22m[39m[31m[1m^[22m[39m
[31m[1m>[22m[39m[90m 26 |[39m   useOrganizationMembers[33m,[39m
 [90m    |[39m [31m[1m^[22m[39m[31m[1m^[22m[39m[31m[1m^[22m[39m[31m[1m^[22m[39m[31m[1m^[22m[39m[31m[1m^[22m[39m[31m[1m^[22m[39m[31m[1m^[22m[39m[31m[1m^[22m[39m[31m[1m^[22m[39m[31m[1m^[22m[39m[31m[1m^[22m[39m[31m[1m^[22m[39m[31m[1m^[22m[39m[31m[1m^[22m[39m[31m[1m^[22m[39m[31m[1m^[22m[39m[31m[1m^[22m[39m[31m[1m^[22m[39m[31m[1m^[22m[39m[31m[1m^[22m[39m[31m[1m^[22m[39m[31m[1m^[22m[39m[31m[1m^[22m[39m[31m[1m^[22m[39m
[31m[1m>[22m[39m[90m 27 |[39m   useInviteUser[33m,[39m
 [90m    |[39m [31m[1m^[22m[39m[31m[1m^[22m[39m[31m[1m^[22m[39m[31m[1m^[22m[39m[31m[1m^[22m[39m[31m[1m^[22m[39m[31m[1m^[22m[39m[31m[1m^[22m[39m[31m[1m^[22m[39m[31m[1m^[22m[39m[31m[1m^[22m[39m[31m[1m^[22m[39m[31m[1m^[22m[39m[31m[1m^[22m[39m[31m[1m^[22m[39m[31m[1m^[22m[39m[31m[1m^[22m[39m[31m[1m^[22m[39m[31m[1m^[22m[39m[31m[1m^[22m[39m[31m[1m^[22m[39m[31m[1m^[22m[39m[31m[1m^[22m[39m[31m[1m^[22m[39m[31m[1m^[22m[39m
[31m[1m>[22m[39m[90m 28 |[39m   useUpdateMemberRole[33m,[39m
 [90m    |[39m [31m[1m^[22m[39m[31m[1m^[22m[39m[31m[1m^[22m[39m[31m[1m^[22m[39m[31m[1m^[22m[39m[31m[1m^[22m[39m[31m[1m^[22m[39m[31m[1m^[22m[39m[31m[1m^[22m[39m[31m[1m^[22m[39m[31m[1m^[22m[39m[31m[1m^[22m[39m[31m[1m^[22m[39m[31m[1m^[22m[39m[31m[1m^[22m[39m[31m[1m^[22m[39m[31m[1m^[22m[39m[31m[1m^[22m[39m[31m[1m^[22m[39m[31m[1m^[22m[39m[31m[1m^[22m[39m[31m[1m^[22m[39m[31m[1m^[22m[39m[31m[1m^[22m[39m[31m[1m^[22m[39m
[31m[1m>[22m[39m[90m 29 |[39m   useRemoveMember[33m,[39m
 [90m    |[39m [31m[1m^[22m[39m[31m[1m^[22m[39m[31m[1m^[22m[39m[31m[1m^[22m[39m[31m[1m^[22m[39m[31m[1m^[22m[39m[31m[1m^[22m[39m[31m[1m^[22m[39m[31m[1m^[22m[39m[31m[1m^[22m[39m[31m[1m^[22m[39m[31m[1m^[22m[39m[31m[1m^[22m[39m[31m[1m^[22m[39m[31m[1m^[22m[39m[31m[1m^[22m[39m[31m[1m^[22m[39m[31m[1m^[22m[39m[31m[1m^[22m[39m[31m[1m^[22m[39m[31m[1m^[22m[39m[31m[1m^[22m[39m[31m[1m^[22m[39m[31m[1m^[22m[39m[31m[1m^[22m[39m
[31m[1m>[22m[39m[90m 30 |[39m   useRevokeInvitation[33m,[39m
 [90m    |[39m [31m[1m^[22m[39m[31m[1m^[22m[39m[31m[1m^[22m[39m[31m[1m^[22m[39m[31m[1m^[22m[39m[31m[1m^[22m[39m[31m[1m^[22m[39m[31m[1m^[22m[39m[31m[1m^[22m[39m[31m[1m^[22m[39m[31m[1m^[22m[39m[31m[1m^[22m[39m[31m[1m^[22m[39m[31m[1m^[22m[39m[31m[1m^[22m[39m[31m[1m^[22m[39m[31m[1m^[22m[39m[31m[1m^[22m[39m[31m[1m^[22m[39m[31m[1m^[22m[39m[31m[1m^[22m[39m[31m[1m^[22m[39m[31m[1m^[22m[39m[31m[1m^[22m[39m[31m[1m^[22m[39m
[31m[1m>[22m[39m[90m 31 |[39m } [36mfrom[39m [32m'@/lib/features/organization/queries'[39m[33m;[39m
 [90m    |[39m [31m[1m^[22m[39m[31m[1m^[22m[39m[31m[1m^[22m[39m[31m[1m^[22m[39m[31m[1m^[22m[39m[31m[1m^[22m[39m[31m[1m^[22m[39m[31m[1m^[22m[39m[31m[1m^[22m[39m[31m[1m^[22m[39m[31m[1m^[22m[39m[31m[1m^[22m[39m[31m[1m^[22m[39m[31m[1m^[22m[39m[31m[1m^[22m[39m[31m[1m^[22m[39m[31m[1m^[22m[39m[31m[1m^[22m[39m[31m[1m^[22m[39m[31m[1m^[22m[39m[31m[1m^[22m[39m[31m[1m^[22m[39m[31m[1m^[22m[39m[31m[1m^[22m[39m[31m[1m^[22m[39m[31m[1m^[22m[39m[31m[1m^[22m[39m[31m[1m^[22m[39m[31m[1m^[22m[39m[31m[1m^[22m[39m[31m[1m^[22m[39m[31m[1m^[22m[39m[31m[1m^[22m[39m[31m[1m^[22m[39m[31m[1m^[22m[39m[31m[1m^[22m[39m[31m[1m^[22m[39m[31m[1m^[22m[39m[31m[1m^[22m[39m[31m[1m^[22m[39m[31m[1m^[22m[39m[31m[1m^[22m[39m[31m[1m^[22m[39m[31m[1m^[22m[39m[31m[1m^[22m[39m[31m[1m^[22m[39m
 [90m 32 |[39m [36mimport[39m { useCurrentUser } [36mfrom[39m [32m'@/lib/features/auth/queries'[39m[33m;[39m
 [90m 33 |[39m [36mimport[39m { [33mCard[39m } [36mfrom[39m [32m'@/components/ui/card'[39m[33m;[39m
 [90m 34 |[39m [36mimport[39m { [33mButton[39m } [36mfrom[39m [32m'@/components/ui/button'[39m[33m;[39m[0m

The export useRevokeInvitation was not found in module [project]/lib/features/organization/queries/index.ts [app-client] (ecmascript).
Did you mean to import useCreateOrganization?
All exports of the module are statically known (It doesn't have dynamic exports). So it's known statically that the requested export doesn't exist.

Import traces:
  Client Component Browser:
    ./components/modules/organization/components/members-management.tsx [Client Component Browser]
    ./components/modules/organization/components/index.ts [Client Component Browser]
    ./components/layout/header.tsx [Client Component Browser]
    ./components/layout/main-layout.tsx [Client Component Browser]
    ./components/layout/main-layout.tsx [Server Component]
    ./app/dashboard/layout.tsx [Server Component]

  Client Component SSR:
    ./components/modules/organization/components/members-management.tsx [Client Component SSR]
    ./components/modules/organization/components/index.ts [Client Component SSR]
    ./components/layout/header.tsx [Client Component SSR]
    ./components/layout/main-layout.tsx [Client Component SSR]
    ./components/layout/main-layout.tsx [Server Component]
    ./app/dashboard/layout.tsx [Server Component]


./components/modules/organization/components/members-management.tsx:25:1
Export useRevokeInvitation doesn't exist in target module
[0m [90m 23 |[39m   [33mX[39m[33m,[39m
 [90m 24 |[39m } [36mfrom[39m [32m'lucide-react'[39m[33m;[39m
[31m[1m>[22m[39m[90m 25 |[39m [36mimport[39m {
 [90m    |[39m [31m[1m^[22m[39m[31m[1m^[22m[39m[31m[1m^[22m[39m[31m[1m^[22m[39m[31m[1m^[22m[39m[31m[1m^[22m[39m[31m[1m^[22m[39m[31m[1m^[22m[39m
[31m[1m>[22m[39m[90m 26 |[39m   useOrganizationMembers[33m,[39m
 [90m    |[39m [31m[1m^[22m[39m[31m[1m^[22m[39m[31m[1m^[22m[39m[31m[1m^[22m[39m[31m[1m^[22m[39m[31m[1m^[22m[39m[31m[1m^[22m[39m[31m[1m^[22m[39m[31m[1m^[22m[39m[31m[1m^[22m[39m[31m[1m^[22m[39m[31m[1m^[22m[39m[31m[1m^[22m[39m[31m[1m^[22m[39m[31m[1m^[22m[39m[31m[1m^[22m[39m[31m[1m^[22m[39m[31m[1m^[22m[39m[31m[1m^[22m[39m[31m[1m^[22m[39m[31m[1m^[22m[39m[31m[1m^[22m[39m[31m[1m^[22m[39m[31m[1m^[22m[39m[31m[1m^[22m[39m
[31m[1m>[22m[39m[90m 27 |[39m   useInviteUser[33m,[39m
 [90m    |[39m [31m[1m^[22m[39m[31m[1m^[22m[39m[31m[1m^[22m[39m[31m[1m^[22m[39m[31m[1m^[22m[39m[31m[1m^[22m[39m[31m[1m^[22m[39m[31m[1m^[22m[39m[31m[1m^[22m[39m[31m[1m^[22m[39m[31m[1m^[22m[39m[31m[1m^[22m[39m[31m[1m^[22m[39m[31m[1m^[22m[39m[31m[1m^[22m[39m[31m[1m^[22m[39m[31m[1m^[22m[39m[31m[1m^[22m[39m[31m[1m^[22m[39m[31m[1m^[22m[39m[31m[1m^[22m[39m[31m[1m^[22m[39m[31m[1m^[22m[39m[31m[1m^[22m[39m[31m[1m^[22m[39m
[31m[1m>[22m[39m[90m 28 |[39m   useUpdateMemberRole[33m,[39m
 [90m    |[39m [31m[1m^[22m[39m[31m[1m^[22m[39m[31m[1m^[22m[39m[31m[1m^[22m[39m[31m[1m^[22m[39m[31m[1m^[22m[39m[31m[1m^[22m[39m[31m[1m^[22m[39m[31m[1m^[22m[39m[31m[1m^[22m[39m[31m[1m^[22m[39m[31m[1m^[22m[39m[31m[1m^[22m[39m[31m[1m^[22m[39m[31m[1m^[22m[39m[31m[1m^[22m[39m[31m[1m^[22m[39m[31m[1m^[22m[39m[31m[1m^[22m[39m[31m[1m^[22m[39m[31m[1m^[22m[39m[31m[1m^[22m[39m[31m[1m^[22m[39m[31m[1m^[22m[39m[31m[1m^[22m[39m
[31m[1m>[22m[39m[90m 29 |[39m   useRemoveMember[33m,[39m
 [90m    |[39m [31m[1m^[22m[39m[31m[1m^[22m[39m[31m[1m^[22m[39m[31m[1m^[22m[39m[31m[1m^[22m[39m[31m[1m^[22m[39m[31m[1m^[22m[39m[31m[1m^[22m[39m[31m[1m^[22m[39m[31m[1m^[22m[39m[31m[1m^[22m[39m[31m[1m^[22m[39m[31m[1m^[22m[39m[31m[1m^[22m[39m[31m[1m^[22m[39m[31m[1m^[22m[39m[31m[1m^[22m[39m[31m[1m^[22m[39m[31m[1m^[22m[39m[31m[1m^[22m[39m[31m[1m^[22m[39m[31m[1m^[22m[39m[31m[1m^[22m[39m[31m[1m^[22m[39m[31m[1m^[22m[39m
[31m[1m>[22m[39m[90m 30 |[39m   useRevokeInvitation[33m,[39m
 [90m    |[39m [31m[1m^[22m[39m[31m[1m^[22m[39m[31m[1m^[22m[39m[31m[1m^[22m[39m[31m[1m^[22m[39m[31m[1m^[22m[39m[31m[1m^[22m[39m[31m[1m^[22m[39m[31m[1m^[22m[39m[31m[1m^[22m[39m[31m[1m^[22m[39m[31m[1m^[22m[39m[31m[1m^[22m[39m[31m[1m^[22m[39m[31m[1m^[22m[39m[31m[1m^[22m[39m[31m[1m^[22m[39m[31m[1m^[22m[39m[31m[1m^[22m[39m[31m[1m^[22m[39m[31m[1m^[22m[39m[31m[1m^[22m[39m[31m[1m^[22m[39m[31m[1m^[22m[39m[31m[1m^[22m[39m
[31m[1m>[22m[39m[90m 31 |[39m } [36mfrom[39m [32m'@/lib/features/organization/queries'[39m[33m;[39m
 [90m    |[39m [31m[1m^[22m[39m[31m[1m^[22m[39m[31m[1m^[22m[39m[31m[1m^[22m[39m[31m[1m^[22m[39m[31m[1m^[22m[39m[31m[1m^[22m[39m[31m[1m^[22m[39m[31m[1m^[22m[39m[31m[1m^[22m[39m[31m[1m^[22m[39m[31m[1m^[22m[39m[31m[1m^[22m[39m[31m[1m^[22m[39m[31m[1m^[22m[39m[31m[1m^[22m[39m[31m[1m^[22m[39m[31m[1m^[22m[39m[31m[1m^[22m[39m[31m[1m^[22m[39m[31m[1m^[22m[39m[31m[1m^[22m[39m[31m[1m^[22m[39m[31m[1m^[22m[39m[31m[1m^[22m[39m[31m[1m^[22m[39m[31m[1m^[22m[39m[31m[1m^[22m[39m[31m[1m^[22m[39m[31m[1m^[22m[39m[31m[1m^[22m[39m[31m[1m^[22m[39m[31m[1m^[22m[39m[31m[1m^[22m[39m[31m[1m^[22m[39m[31m[1m^[22m[39m[31m[1m^[22m[39m[31m[1m^[22m[39m[31m[1m^[22m[39m[31m[1m^[22m[39m[31m[1m^[22m[39m[31m[1m^[22m[39m[31m[1m^[22m[39m[31m[1m^[22m[39m[31m[1m^[22m[39m[31m[1m^[22m[39m
 [90m 32 |[39m [36mimport[39m { useCurrentUser } [36mfrom[39m [32m'@/lib/features/auth/queries'[39m[33m;[39m
 [90m 33 |[39m [36mimport[39m { [33mCard[39m } [36mfrom[39m [32m'@/components/ui/card'[39m[33m;[39m
 [90m 34 |[39m [36mimport[39m { [33mButton[39m } [36mfrom[39m [32m'@/components/ui/button'[39m[33m;[39m[0m

The export useRevokeInvitation was not found in module [project]/lib/features/organization/queries/index.ts [app-ssr] (ecmascript).
Did you mean to import useCreateOrganization?
All exports of the module are statically known (It doesn't have dynamic exports). So it's known statically that the requested export doesn't exist.

Import traces:
  Client Component Browser:
    ./components/modules/organization/components/members-management.tsx [Client Component Browser]
    ./components/modules/organization/components/index.ts [Client Component Browser]
    ./components/layout/header.tsx [Client Component Browser]
    ./components/layout/main-layout.tsx [Client Component Browser]
    ./components/layout/main-layout.tsx [Server Component]
    ./app/dashboard/layout.tsx [Server Component]

  Client Component SSR:
    ./components/modules/organization/components/members-management.tsx [Client Component SSR]
    ./components/modules/organization/components/index.ts [Client Component SSR]
    ./components/layout/header.tsx [Client Component SSR]
    ./components/layout/main-layout.tsx [Client Component SSR]
    ./components/layout/main-layout.tsx [Server Component]
    ./app/dashboard/layout.tsx [Server Component]


    at <unknown> (./lib/shared/queries/use-payment-method-data.ts:18:1)
    ... collapsed 5 duplicate lines matching above 1 lines 5 times...
    at <unknown> (./components/providers/query-provider.tsx:6:1)
    at <unknown> (./components/providers/query-provider.tsx:6:1)
    at <unknown> (./components/modules/organization/components/invitations-panel.tsx:20:1)
    at <unknown> (./components/modules/organization/components/invitations-panel.tsx:20:1)
    at <unknown> (./components/modules/budgets/widgets/budget-overview-widget.tsx:8:1)
    at <unknown> (./components/modules/budgets/widgets/budget-overview-widget.tsx:8:1)
    at <unknown> (./components/modules/budgets/components/sections/category-details-drawer.tsx:8:1)
    at <unknown> (./components/modules/budgets/components/sections/category-details-drawer.tsx:8:1)
    at <unknown> (./app/(protected)/budgets-v3/page.tsx:16:1)
    ... collapsed 3 duplicate lines matching above 1 lines 3 times...
    at <unknown> (./components/modules/organization/components/organization-settings.tsx:14:1)
    at <unknown> (./components/modules/organization/components/organization-settings.tsx:14:1)
    at <unknown> (./components/modules/banking/widgets/money-flow-widget.tsx:23:1)
    ... collapsed 3 duplicate lines matching above 1 lines 3 times...
    at <unknown> (./app/(protected)/accounts/wallet/add/page.tsx:34:1)
    at <unknown> (./app/(protected)/accounts/wallet/add/page.tsx:34:1)
    at <unknown> (./app/(protected)/accounts/wallet/manage/page.tsx:36:1)
    at <unknown> (./app/(protected)/accounts/wallet/manage/page.tsx:36:1)
    at <unknown> (./components/modules/organization/components/members-management.tsx:25:1)
    at <unknown> (./components/modules/organization/components/members-management.tsx:25:1)
